
running 1 test
test measure_z_image_tier has been running for over 60 seconds
sequential_vram_probe-ab088e7162d90042.exe : ZIMAGE_MUTATION tier=bf16 policy=transformer kind=lora_vs_plain 
max_rgb8=22 mean_rgb8=1.232840
At line:2 char:848
+ ... $rung.log"; & $exe --ignored --exact measure_z_image_tier --nocapture ...
+                 ~~~~~~~~~~~~~~~~~~~~~~~~~~~~~~~~~~~~~~~~~~~~~~~~~~~~~~~~~
    + CategoryInfo          : NotSpecified: (ZIMAGE_MUTATION...n_rgb8=1.232840:String) [], RemoteException
    + FullyQualifiedErrorId : NativeCommandError
 
ZIMAGE_PHASE tier=bf16 policy=transformer repeat=0 phase=text peak_gb=8.727
ZIMAGE_PHASE tier=bf16 policy=transformer repeat=0 phase=denoise peak_gb=8.727
ZIMAGE_PHASE tier=bf16 policy=transformer repeat=0 phase=decode peak_gb=2.151
ZIMAGE_SEAM tier=bf16 policy=transformer x=384 local_delta_ratio=0.979
ZIMAGE_SEAM tier=bf16 policy=transformer x=768 local_delta_ratio=1.118
ZIMAGE_VRAM provider=z_image tier=bf16 mode=text_to_image policy=transformer gpu=0 1024x1024 steps=1 count=1 cold=true 
repeats=1 | load-peak 0.5 GB | steady 0.5 GB | overall-peak 8.7 GB (baseline 0.0 GB)
ZIMAGE_OUT C:\Users\Michael\AppData\Local\Temp\sc16170-6583-bf16-lora-transformer.png
test measure_z_image_tier ... ok

test result: ok. 1 passed; 0 failed; 0 ignored; 0 measured; 0 filtered out; finished in 140.24s


CAPTURED_AT 2026-08-02T02:49:11.5495281Z
SCENEWORKS_BASELINE e87abd092f2e83452c0e527d69f85fc4d6465242
INFERENCE_REVISION 65833f24409bce33c418499c2029bee76d842740
