ARTIFACT_JSON {"role":"base","path":"D:\\models\\sc-16095\\z-image-mlx\\q4","bytes":9298919117,"sha256":"a05de90591f2255bfeac50f5dd04a2862ae6c19f377c680adb1383fd3852ec34","repository":"SceneWorks/z-image-mlx","resolvedRevision":"c74f74c2ad193294fc9ff3f8a5be71daa00d22ab","variant":"q4","fileCount":254}
FILE_JSON {"path":"model_index.json","bytes":467,"sha256":"1dbd162955866394e55e1964aee83b367aaaf9304e0591bbb9c9e58c4ddfce32"}
FILE_JSON {"path":"README.md","bytes":6015,"sha256":"c81937fd3861492e5f343efd68eff5d1ed412f46ed8ac676a33044970d901ab7"}
FILE_JSON {"path":"scheduler/scheduler_config.json","bytes":173,"sha256":"79bd98cddf1a60d365f3072d713ffad832239f57c837bba0e9da3cff40bfafc5"}
FILE_JSON {"path":"text_encoder/config.json","bytes":786,"sha256":"6237fccdd922663bd3d8bce89bc390ca073ca22c10e8b3e1fe81a58ccf2169db"}
FILE_JSON {"path":"text_encoder/model.safetensors","bytes":2263022449,"sha256":"9af4c751e439c797ae75e9842fc2004bbe5556d2b6dc34d1a4d773a00f7e0373"}
FILE_JSON {"path":"tokenizer/merges.txt","bytes":1671853,"sha256":"8831e4f1a044471340f7c0a83d7bd71306a5b867e95fd870f74d0c5308a904d5"}
FILE_JSON {"path":"tokenizer/tokenizer.json","bytes":11422654,"sha256":"aeb13307a71acd8fe81861d94ad54ab689df773318809eed3cbe794b4492dae4"}
FILE_JSON {"path":"tokenizer/tokenizer_config.json","bytes":9732,"sha256":"d5d09f07b48c3086c508b30d1c9114bd1189145b74e982a265350c923acd8101"}
FILE_JSON {"path":"tokenizer/vocab.json","bytes":2776833,"sha256":"ca10d7e9fb3ed18575dd1e277a2579c16d108e32f27439684afa0e10b1440910"}
FILE_JSON {"path":"transformer/.candle-device-format-v1/.prepare.lock","bytes":0,"sha256":"e3b0c44298fc1c149afbf4c8996fb92427ae41e4649b934ca495991b7852b855"}
FILE_JSON {"path":"transformer/.candle-device-format-v1/006903f0158766cf2d881e952a86a8de10396ff0f83b62a0433e241e035a178b.q4_1.safetensors","bytes":24576456,"sha256":"b1f9b7f9b6658d82d780b0d002877abbb7bf253da33d6888e61a3e0bcae4daab"}
FILE_JSON {"path":"transformer/.candle-device-format-v1/01488ddf432b75aa5b4e4c657b02a0d80536376ab83b4ed2117e74eb80c6577e.q4_1.safetensors","bytes":9216456,"sha256":"56048efdd2cf3193e3b2eed53c08f76e4a2c0ce2ece86f415c18338d28a0429e"}
FILE_JSON {"path":"transformer/.candle-device-format-v1/024b4881828ab912a82cbf1f35a7a9cde1b2fd573f4223c2994d96e9a727ae3f.q4_1.safetensors","bytes":2458056,"sha256":"63911af60163eb6689191a973ab2c86cb65d8e46b09cb7b4e89ddfc8737bad4b"}
FILE_JSON {"path":"transformer/.candle-device-format-v1/0296c5ee059c47d2e2c385cb9b567a222ae0ae1f526ec4cadae9d4d841bc5f97.q4_1.safetensors","bytes":24576456,"sha256":"32be4c53085acc9a650297cfa8cc9254bc925b83148b6eb8b37a3917f75bf295"}
FILE_JSON {"path":"transformer/.candle-device-format-v1/02d2ee6e41dc8b7ecbb4a75b115beb61bc607c796e2111b0627fa878e7aaef18.q4_1.safetensors","bytes":24576456,"sha256":"e89507a49bdf7795457f067b877864545a145b782725775f078b4ad98c23320b"}
FILE_JSON {"path":"transformer/.candle-device-format-v1/03ef8bc836a7ae003bde165aeae13d60ebf47699164aa6ea73b3bd9b05195980.q4_1.safetensors","bytes":9216456,"sha256":"6b15d634bdb1992bb10a9be86fe0676bdfbc826fc6a4e1b2de88a6a0d70a93d8"}
FILE_JSON {"path":"transformer/.candle-device-format-v1/049965a89a15e5320bddc9805a6876bac67aae67689d25f53c72d846d2997a81.q4_1.safetensors","bytes":9216456,"sha256":"00c869a8e01c0abeb15578a6d9079789d0ece8c7c626e172338f332babb2d96d"}
FILE_JSON {"path":"transformer/.candle-device-format-v1/06047c0dc1399c088d1afc54e7c948749262979417fbf88cb8ec7a828a09e717.q4_1.safetensors","bytes":2458056,"sha256":"7ef211d7dfe0297fe309ccab08b93b236e30826723178dbe81f837f85f808b21"}
FILE_JSON {"path":"transformer/.candle-device-format-v1/0765514b3ecf23545dd30b049d3cc760c6bea6e4b0f444f401d368f24350dd71.q4_1.safetensors","bytes":9216456,"sha256":"97043f07ea5f26984a3e8b824ba05597d6ae45b99d2e4310b9bb4185dada4046"}
FILE_JSON {"path":"transformer/.candle-device-format-v1/0766e8afb6126a532d6972900b249a4aeb7c30a4e3bcbf3658279be6320b9d49.q4_1.safetensors","bytes":9216456,"sha256":"c9eb01908fe32fca66a0c69b40de8ca293c1131a33fa952bd622817ddfe07059"}
FILE_JSON {"path":"transformer/.candle-device-format-v1/08b3928f8f51c378e3132322ebdd03638f28db6dc0724a17dfc7c14a45ef6bdc.q4_1.safetensors","bytes":9216456,"sha256":"a0a043c8fbfafc9c775dd2cb8b535f2426f92eed62f2290f340f021011c47fe2"}
FILE_JSON {"path":"transformer/.candle-device-format-v1/08f5cc627111d123382217c156c545adb1715a67632cf49f732998c9aacf7daf.q4_1.safetensors","bytes":9216456,"sha256":"c0a01ba064e8d24cb85135cf4328fa57c591c860d884a7accec791e7f0f696bf"}
FILE_JSON {"path":"transformer/.candle-device-format-v1/0ae86436026cbf909eead7aac508799cd3db049ccc7571d46f2954f5dc1897ac.q4_1.safetensors","bytes":24576456,"sha256":"2d94427a98a4a78bccd84a6b20086a161c5bae633ac1a075ab5eb730647992b9"}
FILE_JSON {"path":"transformer/.candle-device-format-v1/0b1904e59ab8d96930f636d7cf40e0dea0b0f7f6d17efd6c2dc8a4da5c7c46af.q4_1.safetensors","bytes":9216456,"sha256":"4edc8e717ce451e71ebf10943797216aa7e874164c0200caf9a7016b430eea9f"}
FILE_JSON {"path":"transformer/.candle-device-format-v1/0c583169d492820079acb32dad3b42279ec4d7de0baf8cea635a859ce051b743.q4_1.safetensors","bytes":24576456,"sha256":"c2689045af1ad18fb36b5b4103fa2fe8935f0c3db61833236de83bbf3ee59ea4"}
FILE_JSON {"path":"transformer/.candle-device-format-v1/0ccacf560b2435f6d11cf912d7bb3e2b21ddd8b0dac8b05afdf0e3978953a520.q4_1.safetensors","bytes":9216456,"sha256":"d54b925d611d7a9d85673b9e8f143e754268e48fc3c74cab19352d04f0066647"}
FILE_JSON {"path":"transformer/.candle-device-format-v1/0d13fb9b4154a3f0db91419d2aa64b80393a225d9a831eba1b0717c0c00f59f7.q4_1.safetensors","bytes":9216456,"sha256":"82645cd90fc80c9a14beca39acb7dbc6c7cf711b61e58ab4c7c44b7a592f8beb"}
FILE_JSON {"path":"transformer/.candle-device-format-v1/0d383bd93982c02878b8b58088598c819218acdbd65f95b436c53f09ad09c881.q4_1.safetensors","bytes":24576456,"sha256":"a8a14b21a0a605c477e0308d3fc43df1856595029578244ed7267616d7ad36ae"}
FILE_JSON {"path":"transformer/.candle-device-format-v1/0e0e3cfb2900767aa6378e2c53ef792e25f7105492dc01e68f285dac29e07f86.q4_1.safetensors","bytes":2458056,"sha256":"f19ee5e3e8c689ca7afef84c18723524079af9896f986c0a0bd076e2c093e9a1"}
FILE_JSON {"path":"transformer/.candle-device-format-v1/0e23fd80437b9d75f90d2b83e29dfddffc657d4d8b363f1a5ef64d1c1bbd1ff4.q4_1.safetensors","bytes":24576456,"sha256":"c9a506bd0c9b8872f517a453f685683f5c8dded2fc07d166c9b97b9e0da5a8fb"}
FILE_JSON {"path":"transformer/.candle-device-format-v1/100fdf6a459aa53d05225e303bc00ecdd21c19f32a283c73ca8fbb2b88dd5749.q4_1.safetensors","bytes":9216456,"sha256":"84d42ad921c1a790566313818334dc0de9db08686ee30f1005634c2c5126761a"}
FILE_JSON {"path":"transformer/.candle-device-format-v1/13f082b12e0ed55911c66fed10a6f650ae33124c9f7a6b050271e73b5909ef4e.q4_1.safetensors","bytes":9216456,"sha256":"19d35df556652be399e7a8350358a4ec8eeb7da2a3b0e10c5e8d54eadcc36295"}
FILE_JSON {"path":"transformer/.candle-device-format-v1/140594d8b650645be6736115a49c327142174d9e5721b7238b1e4e50c8002b26.q4_1.safetensors","bytes":24576456,"sha256":"f2619cb5e5173fdefc0f7984e04edcd89564ef716a5b2803d88797073a046236"}
FILE_JSON {"path":"transformer/.candle-device-format-v1/151c3fa9874a41416a6bf2bdea106e6e92733fd0e4e1ea0c4c2c75023c615b32.q4_1.safetensors","bytes":9216456,"sha256":"55925b5ea32beb34d64b0d1c889778a29966af4b5738b55932b189fa67ef12b7"}
FILE_JSON {"path":"transformer/.candle-device-format-v1/16d088e0bfb832d4b29b357e684eb49c1094c771ea3b59250869ae4c788db74e.q4_1.safetensors","bytes":24576456,"sha256":"bbfcea3f7cd24db82e2eec2b5195c5dbb199a2c06bc4c22fa8493ebe70bbaef3"}
FILE_JSON {"path":"transformer/.candle-device-format-v1/17c07f9309a5435b98d0de45101244ca8b5043bf6d0fb614d835418d5247a18a.q4_1.safetensors","bytes":24576456,"sha256":"3b3b1758563a39bfe214ea298fd1e0eb0090611a546a437b59f06be8fb32f060"}
FILE_JSON {"path":"transformer/.candle-device-format-v1/188a8d49c9c41fb2d495164ac7219d57b105f993df98ebf2197101f317b60b74.q4_1.safetensors","bytes":9216456,"sha256":"df6fa5d1ac34f529dc3c34991ceb6f6a01d398d2a5b128d7805828b3f797e1b7"}
FILE_JSON {"path":"transformer/.candle-device-format-v1/18aa89c8d6579914bde3460aa27adb42ef477c807b252572a8f370be817a3e63.q4_1.safetensors","bytes":9216456,"sha256":"a26f1e40739149d9bbed914378c5d7558811e3c6e8ffe6c0e066cde4c6b34e31"}
FILE_JSON {"path":"transformer/.candle-device-format-v1/1a77daaa1fce2d0ca7e2c16964bf7a63244126716c85c5f8136ddbd43dc1c744.q4_1.safetensors","bytes":24576456,"sha256":"107ace879bdc92a8087cbdbbb8ae58fffea1eb8022c572a6f36d4a63fbd6fc98"}
FILE_JSON {"path":"transformer/.candle-device-format-v1/1ae7247c30055b270b44491ecde2edd64bb57cf4bcb9553ec7fd0fb6476eb6da.q4_1.safetensors","bytes":9216456,"sha256":"deeb28f8f5d0187050630cefe225c9384101ac6ee66f1941f7bf5db102f6d473"}
FILE_JSON {"path":"transformer/.candle-device-format-v1/1c5b151b84ea8a2e43f8ebf1b04402a744e3b1d9bd1c78841ec760911129ff2c.q4_1.safetensors","bytes":9216456,"sha256":"06337cff6c0a96639ecf2f5bac1e03552a811a1f61acd0611237247ac22bec54"}
FILE_JSON {"path":"transformer/.candle-device-format-v1/1c7bc04b8e45fec659694ffda27853be42a23cd11e225ff8896a8c1b21d26855.q4_1.safetensors","bytes":24576456,"sha256":"746fdaebbc8800a379007ea307b2cfa976c6de1f0d6b5cb4046b393e5946adf9"}
FILE_JSON {"path":"transformer/.candle-device-format-v1/1cbc1291e782cba3d84c5dbbaa4c35e2f5827186c9f2ed0a437023d02e12d62c.q4_1.safetensors","bytes":9216456,"sha256":"0e02338732bc63c7f9e8e1b42ffcfc7215fa1c889d12a995da6f85e6a400538e"}
FILE_JSON {"path":"transformer/.candle-device-format-v1/1d8775de40a183d37c16d33d5c7bd3092c8d5cf8dee7ed6a0e29d0f565c9c92a.q4_1.safetensors","bytes":9216456,"sha256":"51bc5220a6da1600f30e20384df3b390a6cbf263f70db6ead0a44fdf60340722"}
FILE_JSON {"path":"transformer/.candle-device-format-v1/2020727553ba9bfa4c4048dbca77b22050f105e17982b6ef1481608a20f4dbf1.q4_1.safetensors","bytes":24576456,"sha256":"a0e5534151599b171a93299839cda16db70a30ea86db70afba729e909335ea7e"}
FILE_JSON {"path":"transformer/.candle-device-format-v1/206137050ac1238af76be847df05d3ec66f2f2ca09ef5092577da17c532fbd41.q4_1.safetensors","bytes":9216456,"sha256":"8a48d928b85b8b69054a4717a70df9a4631b3814c4582a51e510bb6b47ab6d23"}
FILE_JSON {"path":"transformer/.candle-device-format-v1/2157fd6fa71d55cc09931428896c2d830cb3c139e7dd2e5cbface04caaa7b021.q4_1.safetensors","bytes":2458056,"sha256":"73794ddd1d27fd98dbe044ceae94352afb0065cbf1d1db4e21e37fe2a120bdff"}
FILE_JSON {"path":"transformer/.candle-device-format-v1/2165574163a898fe21383f033d9903703cd8ef17d1e68cbb44c70dce34034768.q4_1.safetensors","bytes":24576456,"sha256":"6103b35528e0803b480f07620f2f2c9ae90e34673f477c2d0a1f3f5f57491733"}
FILE_JSON {"path":"transformer/.candle-device-format-v1/2184d8c20f17cb6e6cfe68d7e2175fcd665bbc03213e609b44eae5d0d4c86b94.q4_1.safetensors","bytes":9216456,"sha256":"3ad5084bdf0db9a1910e7bcaf8aae401d696d9f96d5bb07f6be0b5b0bcc29640"}
FILE_JSON {"path":"transformer/.candle-device-format-v1/21dc068ded4cb16f702de10e19bf23f494ec8eca9168753c4837ccca26da0af3.q4_1.safetensors","bytes":24576456,"sha256":"e52631486650d0facf0592e6e23024bec7929e4ebf88315e2395a983cadbbe17"}
FILE_JSON {"path":"transformer/.candle-device-format-v1/22a6910bee3761f34a338e524837b2409e11675c29a5be4a525f1e9bcf9abe35.q4_1.safetensors","bytes":9216456,"sha256":"a8d7a7aa4d30d3a06245493c1898be4f0d74710fb2a4243ed9d9c6727fb6e193"}
FILE_JSON {"path":"transformer/.candle-device-format-v1/24522061af6680ff4b70f162168f39e913b2d070ea4b1cd96f9bfb963d40b452.q4_1.safetensors","bytes":24576456,"sha256":"b8e451551ce119c776a1bd205851f3f7b55845299ddafb3c48c639a3d00da529"}
FILE_JSON {"path":"transformer/.candle-device-format-v1/249ef2fa096e3e58d3ac2539f67a0ba96dfacd036aacef7d306122d3306dd191.q4_1.safetensors","bytes":2458056,"sha256":"d8d2cdeb455120e2dea13224f788d485b9b5a009543952b60e22903cbb8ef2d9"}
FILE_JSON {"path":"transformer/.candle-device-format-v1/2620f29e50497e163e48ab6669f64aa645d8fac26c5f667281ebf3206e0ee88a.q4_1.safetensors","bytes":2458056,"sha256":"8bafb56e991a5cb122a8c4efb0441a1dc1ab444ded59d70e1c26e4d08a0801e2"}
FILE_JSON {"path":"transformer/.candle-device-format-v1/26f1b6ab081063ad98fe9e8a95f455c3f5b875807de9d06787b2f835fb9ef4af.q4_1.safetensors","bytes":9216456,"sha256":"145b3178b743f7ffeff3b90054fe138f2950956c639331dcc6096d4372aa5be3"}
FILE_JSON {"path":"transformer/.candle-device-format-v1/291c39810a7414ce7b3c676d582a493209ebbd4a6e7589d82a808668fedae93b.q4_1.safetensors","bytes":2458056,"sha256":"70d81c5c1291e25d1c7c75f50265e6e364740e735f020452921c7fb379d6f7be"}
FILE_JSON {"path":"transformer/.candle-device-format-v1/2965de97862dda0278fd483ed77f9fd1b8ff533e44e48e53b96313e4f617da79.q4_1.safetensors","bytes":9216456,"sha256":"93c50d13b9b933248191ca48caaf140eff199550c089b357a74b83894555ee47"}
FILE_JSON {"path":"transformer/.candle-device-format-v1/29c05b2ea09e73cb74e272e05a701fc33839998a67331249f113d64cd5caa7a9.q4_1.safetensors","bytes":9216456,"sha256":"594a8f85f698dac4739df67a3476a8984024d062371beba2f5d78aab82b3ba95"}
FILE_JSON {"path":"transformer/.candle-device-format-v1/2b8bdc529cd3a5775aad86e45e468ebb07ae6aed2b8a18347adb8c1d609e634c.q4_1.safetensors","bytes":9216456,"sha256":"95822c01cce4d280e9ca6097beab9d752ee6dbe0d2aa1df768e3edabcd673219"}
FILE_JSON {"path":"transformer/.candle-device-format-v1/2c1552454bcd74cbd303256d51e09a14fb10f6c96bc889051fc5c083554cbc82.q4_1.safetensors","bytes":2458056,"sha256":"ce4a2307975c7f24122c322d37eea0ad5bc4313b4d88716b2a25d84ae9271721"}
FILE_JSON {"path":"transformer/.candle-device-format-v1/2c6b93fb48a115cd8006e0ed235edf752be91487e1038d8119d85d25a88616fe.q4_1.safetensors","bytes":2458056,"sha256":"7d94e7355dacb3f39d78c5a87cdee809f924f078254e899626684f6f52c7dfbc"}
FILE_JSON {"path":"transformer/.candle-device-format-v1/2d5250390f23b12123af764d9575310ebcffdc137acc98bc05cffff4fad1ef57.q4_1.safetensors","bytes":2458056,"sha256":"a3b187d41ea98cd30127253167dbf5aee8aae60b89df26176398beaccb2b29cc"}
FILE_JSON {"path":"transformer/.candle-device-format-v1/2d64dccb5f24268e827b7efc6b65ec2b3cd4b449c7675263a5895099b3d94ccd.q4_1.safetensors","bytes":24576456,"sha256":"000b875eea399610ac595bc5ba99fb13284243334753603da7f06cfa1c8d2d6c"}
FILE_JSON {"path":"transformer/.candle-device-format-v1/2e6f6b3d9279c785bffd25db88682ee16b1f3fcc50e16a3e7f2fe5c55738999e.q4_1.safetensors","bytes":9216456,"sha256":"6a97b33ea568bc8c9ed0e03a0ad57759eff52e510c4a0fe4deeca0e5036a21fa"}
FILE_JSON {"path":"transformer/.candle-device-format-v1/2e9cf2727bd9b94d3f4bbf783e806b609da74329848ed689927f0f567fdf893f.q4_1.safetensors","bytes":24576456,"sha256":"b74f81dbc020bf295a77356a1f0070f46a344ad63626da2e89ff7e04ce74e462"}
FILE_JSON {"path":"transformer/.candle-device-format-v1/2f2f35c34a46a23bc2b50ee5129b6d1f3181d0ad2c8882218b84a83bb7286fda.q4_1.safetensors","bytes":24576456,"sha256":"56e47ef971e20c69a0fcac34d49881f3b08ccb4b4de3f2a26c375e2bf785afa2"}
FILE_JSON {"path":"transformer/.candle-device-format-v1/30860630464c57681dd43c0d185f93495bdd1aadb4c0750e71f9d88ae9307a7b.q4_1.safetensors","bytes":9216456,"sha256":"3bfbbb49755da61e556f8564038be1232dc4d955dfe8da78c6cf3831966be5ce"}
FILE_JSON {"path":"transformer/.candle-device-format-v1/316f9ad1d2ebca3251c252f7662ed45bdcdeb4cc7df40c6b499d06b709c207d0.q4_1.safetensors","bytes":9216456,"sha256":"0b318bfffc061ea47066443b8b7b07cdf8bd2f3c75e95348bb3a4016b6d364fa"}
FILE_JSON {"path":"transformer/.candle-device-format-v1/3405e2e84e683bcf7da2b1c2bd046fc2cfb1db275689e18c09b0bf58d3408757.q4_1.safetensors","bytes":9216456,"sha256":"89d6b00bb0a8aa1a7fc0f4f2b2edc84188bfc8604ffe2a9932d4d57e44474fd0"}
FILE_JSON {"path":"transformer/.candle-device-format-v1/344db7c092eede8b50ec48ac3ae26c8bd3357792bf8b5976f083ea39e6ec16c4.q4_1.safetensors","bytes":9216456,"sha256":"f84625178190a08f62302274ea4edc4bc56cc5d1a5b7f38d7664209258a9441d"}
FILE_JSON {"path":"transformer/.candle-device-format-v1/34a50166e303bf24bbe8388e4d19b2c4d6ef00a736a6682d5b9dfe5565a2499d.q4_1.safetensors","bytes":24576456,"sha256":"b26a9439f3f366cd6aba856de78d69a7a1f99c5bb49bb3f009582a0480df2d79"}
FILE_JSON {"path":"transformer/.candle-device-format-v1/351a703727f36d5767cfae2e2845b557a8ff1a2440ca0b1ff54a82020d1a45f7.q4_1.safetensors","bytes":9216456,"sha256":"d86ab0739c69b4bbb3d21ef29282d913601017cd2bb990df663094c7e333efff"}
FILE_JSON {"path":"transformer/.candle-device-format-v1/35b2018f840690f80583f8ffe280a1a80f983979249f24b5e70cd592c1a855cf.q4_1.safetensors","bytes":9216456,"sha256":"dde507192e4ce364732eb7e7c10c37e52c5ed3ec340cf5ae4f267aa27b20ff28"}
FILE_JSON {"path":"transformer/.candle-device-format-v1/37e91bca6bfaf58a5f696180041a5af61b0c6a8aea86b1d59da91638dc3567bb.q4_1.safetensors","bytes":2458056,"sha256":"47d280ae2c7278ff34c0f3a6e3c43b3c01b36d180fdeb0367467b56bbe75cb2c"}
FILE_JSON {"path":"transformer/.candle-device-format-v1/388459e6d135229e281085cec6ee86207f0eab96cfc8b902016d991336829338.q4_1.safetensors","bytes":9216456,"sha256":"7f7fa3bfcb2b39531b40279e323af3fe0f9b81079c0855a6234541ec24e7a951"}
FILE_JSON {"path":"transformer/.candle-device-format-v1/3bae426add60c7f2b371593c922943edbae0f14765bf043e1dd9ac77ec7226e4.q4_1.safetensors","bytes":24576456,"sha256":"b610daa7abfb229d6ea9ec5bb38332dcdef6654ff9dda8563e1ed72ffce3a427"}
FILE_JSON {"path":"transformer/.candle-device-format-v1/3cba43f9bf5a03df5da70666150438757dd81e515b0d561960709621b43a63aa.q4_1.safetensors","bytes":9216456,"sha256":"4eace4cbff6020f8c5860b474bd90819d1e9ea54aca77e818a2687e48454bc4c"}
FILE_JSON {"path":"transformer/.candle-device-format-v1/3d0eacbbf36c51249d529e7a5064f9ff4e7a0833418728905e215abe5dfa4a69.q4_1.safetensors","bytes":24576456,"sha256":"94041f6099ae1a7e42502e678effc2bc4427a27f62964bea202faefc6036ddda"}
FILE_JSON {"path":"transformer/.candle-device-format-v1/3d5aa50a4e70cc536ccddb30ec3acb9c3e5b429d16613f534a6e93af909c03e8.q4_1.safetensors","bytes":9216456,"sha256":"1e73b2905063bbdb6326456a8f3ed0eadd2832e62b0cbd5ed00f5b26f90131ca"}
FILE_JSON {"path":"transformer/.candle-device-format-v1/3e5621c7b5cee7a4441f2eaf02dae80f13bf16949579f55f85539c57bacd2ee9.q4_1.safetensors","bytes":2458056,"sha256":"33a8be39cbafd483adf13103003eb68aa2e418d65fa96eef558515b0cac01eff"}
FILE_JSON {"path":"transformer/.candle-device-format-v1/4065c642b653746639e490e1294de545779e94bd9c849e589a8261ec0a195942.q4_1.safetensors","bytes":24576456,"sha256":"7adca7e981cc8cbcfe0a479298e4be03d9863300794834dc5744616b6b3006b4"}
FILE_JSON {"path":"transformer/.candle-device-format-v1/42e10589151ede1f46614ca51026f334a354158c8b41893a6c8583d6c4723aa9.q4_1.safetensors","bytes":9216456,"sha256":"4662c6f58a0ee7b83cc585a0bc0afe5c7e6c3c46b46d5ac9300b6b7c451194dd"}
FILE_JSON {"path":"transformer/.candle-device-format-v1/474f8df2874437ead7077c6a041bb2120e5790b0d62e0aa1126ac656a1720ad4.q4_1.safetensors","bytes":9216456,"sha256":"553e9037eab198d20d0d23fed3b43f9e03d6e95850cebf61995bde092b754a19"}
FILE_JSON {"path":"transformer/.candle-device-format-v1/47e21d972d5884378c515274ff220518ece0cb8ef15ea09246449f698cdc6bb0.q4_1.safetensors","bytes":24576456,"sha256":"08c7be540699b066a2acc15d98bc91a35a9e53cf833f211ba1479603e148abcc"}
FILE_JSON {"path":"transformer/.candle-device-format-v1/480e6e5f6b046813526ce0f8eefd1961583f565eaadff1c2c5e511494eac7a34.q4_1.safetensors","bytes":24576456,"sha256":"d89aab37df7960e46eb0e024dd9e5b861ea87cb8bd6914aed47ab7c6caeae6e5"}
FILE_JSON {"path":"transformer/.candle-device-format-v1/48b379c3bcaed5728794181c9d5f9efe21fc4fbf0bace24c3439d15822bc6c8c.q4_1.safetensors","bytes":9216456,"sha256":"9196ae23ebac7ae25dcf4de836d04d3b36c2562d27f00e2d2e8d22eff586609e"}
FILE_JSON {"path":"transformer/.candle-device-format-v1/4c3527d7e49a25168e2286589ba0a6dac9ad0fe8489ec2f1e9477eb49af8b21e.q4_1.safetensors","bytes":9216456,"sha256":"1f819428a1e6a6766c9b16d461c59f54f234170b87132d5e6776a1b90b38e38e"}
FILE_JSON {"path":"transformer/.candle-device-format-v1/4e95e49a9b5f6b57285b199155f5ee2006de860c5a30a3451e1ed14c5b51c44b.q4_1.safetensors","bytes":24576456,"sha256":"fdd37345f88b5161ac65558f21217e650c7b47f9243be0616747bb2ed38a3f0c"}
FILE_JSON {"path":"transformer/.candle-device-format-v1/500127c2fc60a5bd17ec7c09041b5b16ff06697ab3747a88113e8c842700585c.q4_1.safetensors","bytes":24576456,"sha256":"debe3b597e507e091e610afb6dd58214a51987e8d35ef51430191a060c61b1f4"}
FILE_JSON {"path":"transformer/.candle-device-format-v1/501199feac87d0050c57e5477625643177ffc7f486adba28780f4cf2d6e9681d.q4_1.safetensors","bytes":9216456,"sha256":"35c3311a86934656b84f481cf557aad48350b23efe9c7bf5aba93881edcb0de9"}
FILE_JSON {"path":"transformer/.candle-device-format-v1/51043063dcd04f3e61ba66a8a0ae9ba0ecf6abbf6d637a957a84c49b4ff7f0c9.q4_1.safetensors","bytes":9216456,"sha256":"2e9b41e48c49a43ea84c789db7b49c70c698df482e7f401af9b91482157062ce"}
FILE_JSON {"path":"transformer/.candle-device-format-v1/51a6c99204beae38d6993d1d52b60e7c4f8bc1461e6af58dbb1fe279f1ad2ac7.q4_1.safetensors","bytes":9216456,"sha256":"cf97c78e0bc32d6683093db4a7ba32d9903cec34aea7a2c3b9d5dc22054a9eaa"}
FILE_JSON {"path":"transformer/.candle-device-format-v1/531e272fad5d9cf54794b8d04042cca77863f4b807a7942f26fce179d25445ec.q4_1.safetensors","bytes":24576456,"sha256":"8cf15d31471b954240f5e7d3e16d8da1787656f76f48ed37f082a8843ed132dc"}
FILE_JSON {"path":"transformer/.candle-device-format-v1/539dde8ff4eb2a6f0312a0f463fc5b42fe90a69d6a033e4f75d23c38776c7071.q4_1.safetensors","bytes":9216456,"sha256":"6d742dc51e34096f68c09862e50bd16fb6bc3af46c653fd47944ff360b3eb0fb"}
FILE_JSON {"path":"transformer/.candle-device-format-v1/54b0af9e57e9f66428bbfa0cd22213e2204ac4a5dd9234f2badaea4908a8117a.q4_1.safetensors","bytes":24576456,"sha256":"97a63f5c9d93557a23fc1e0d6b5676e2a5447b9828bade03cd2685f6cee51f1a"}
FILE_JSON {"path":"transformer/.candle-device-format-v1/56e109c1bcf6f9c108f3a28905f6cd49672dbb6f00bcff90edd2bf52917c67ff.q4_1.safetensors","bytes":24576456,"sha256":"e64985549eefbca8038dd51588e6c2b77f62fc17f47e8b0c0953ae5a5477c758"}
FILE_JSON {"path":"transformer/.candle-device-format-v1/5768501c4ed54d9117f655d46bd06fab2b0ebdf1a8708b27c6f5d9baf1cb6085.q4_1.safetensors","bytes":24576456,"sha256":"83556fedd7996dc00758a533b744e15a2c0c28033793f91137100ddb4e2406c2"}
FILE_JSON {"path":"transformer/.candle-device-format-v1/579e21fe572a83b9dff9301ffff42261a45545c2911961a64ad6276398984071.q4_1.safetensors","bytes":24576456,"sha256":"22c32e7add94357a6ca765bb8b1ddd432487aaa573c0ee9b2bf57fae99d31d51"}
FILE_JSON {"path":"transformer/.candle-device-format-v1/5a3ae098ef2a8d309eebd57a8a9753619fdcfaa42c96f276f518bf600c6d10be.q4_1.safetensors","bytes":24576456,"sha256":"1e69c8f20b13278447fa13c140bd9bd9c7ac3d2be59f3f96fcb644806571e56f"}
FILE_JSON {"path":"transformer/.candle-device-format-v1/5a90ef410a5ab245eaef74714aa0f5888d5cca90ff971759df8f874f6f33c244.q4_1.safetensors","bytes":24576456,"sha256":"fda752929470edd7825451f6ef1709f7d3a47ad9c9ae290d6a1c0c92881a13a0"}
FILE_JSON {"path":"transformer/.candle-device-format-v1/5bf864ab3be3fb4ed690dc5188614a73a0e3934c24e9a3708f19482198e2ad4e.q4_1.safetensors","bytes":9216456,"sha256":"f2c70ee939b066e43402f4be7102632068879480fcbe4553f0059578a5b995ab"}
FILE_JSON {"path":"transformer/.candle-device-format-v1/5c264372239900a1c995f291dfaea41f70be4477a7dc6448dd5da89998f55319.q4_1.safetensors","bytes":2458056,"sha256":"6fabfcfe7e04937f2ab6aec8be79bf21a96a0d26405bf61f78d0cd3aa6dde8cc"}
FILE_JSON {"path":"transformer/.candle-device-format-v1/5ced1e42762e75dfc5e652d69d3831606827e85beba881f9fd5240e084956252.q4_1.safetensors","bytes":24576456,"sha256":"01e7f30453cb76a7b1e6015067d9f947b6e5e2b1695dc7e6f93482b91f333860"}
FILE_JSON {"path":"transformer/.candle-device-format-v1/5de2cbef336102c1c256be117f2924421e97152fe6126af19b22411090f79bd3.q4_1.safetensors","bytes":24576456,"sha256":"f8b1439632fcc01287541fcb788735054a7c264b2f0434199b55eab219a38a84"}
FILE_JSON {"path":"transformer/.candle-device-format-v1/61226ffd6f8d744a79b072cd67b7cb9a9340d042d3d0871fb64ca3e701ff745e.q4_1.safetensors","bytes":24576456,"sha256":"d596c1570c54af787dd856b18425084fb4f1833f341021872055feb064274a47"}
FILE_JSON {"path":"transformer/.candle-device-format-v1/625bc30f73bb6e24e1ed942a8a87edcb3a635c1803914cf635f13cf14468e9a3.q4_1.safetensors","bytes":9216456,"sha256":"393d9284b5cffb8a97a7348d8ba29055ba24e13fc0a53014bc142e1f60dd3cb0"}
FILE_JSON {"path":"transformer/.candle-device-format-v1/62c1d109597b4be59f77d50c4d60059acfc1337969012fba76ac6fdd1b849abb.q4_1.safetensors","bytes":2458056,"sha256":"e2b463345bd1817cae184604b1dc4345cc3f252a89bd5d038f1bfa76ed063ac7"}
FILE_JSON {"path":"transformer/.candle-device-format-v1/6538b5505b113ef4fab401924d7f68f01fcae7db42ce47249326eb49d6ce0cd6.q4_1.safetensors","bytes":9216456,"sha256":"1160b9b267736a215aeec35465bf3deeec06e844addc1e8962490752491fabef"}
FILE_JSON {"path":"transformer/.candle-device-format-v1/662ad7b718c273bfac6150edcdc346ae914e58e2af23e06eaccb7a7b64641553.q4_1.safetensors","bytes":9216456,"sha256":"27466305e12f5a9852dfeaaf98bc32b272d84a4e5fb49c0335af5e8b0f708fbc"}
FILE_JSON {"path":"transformer/.candle-device-format-v1/676652f783413a56579c7dac927d650a459fabd88434adb28e54aabcd7eeda67.q4_1.safetensors","bytes":9216456,"sha256":"b604c6b0f871036a4c63de4501f02988030ddf3deaee68322d3a3c231236a6db"}
FILE_JSON {"path":"transformer/.candle-device-format-v1/67a2ef03a3b260959ea28299897f0fde439242506c45d2ca5084d42e61c2cdb0.q4_1.safetensors","bytes":24576456,"sha256":"50411568c97689f0303fb03a92ec47d22f904b33986eb484cecc020b80adb11f"}
FILE_JSON {"path":"transformer/.candle-device-format-v1/6842104076b59ba30e2e359495c0373d9d6e344239481e8cfdfa8cd0e5ce3251.q4_1.safetensors","bytes":24576456,"sha256":"f31cb92acd97db01d8d3f6f6bc5af0fb5284b024f8265eb824092bfef6bb66f4"}
FILE_JSON {"path":"transformer/.candle-device-format-v1/6b4a4367299f012dd4fc329986d4dd71197644a9e00eee6bc47adf1bd3a01155.q4_1.safetensors","bytes":9216456,"sha256":"bd1b164bc70f46f5ef95e08714a7514162d10e7b7d91d6e69c531d3d55d9007d"}
FILE_JSON {"path":"transformer/.candle-device-format-v1/6b742ad1810ae3309792b3894e672c700b0af717b0c2e0e7f3c9d696455fcc72.q4_1.safetensors","bytes":24576456,"sha256":"3c4a80186e3f4b6df5bdebeb3f55a45bceee80f4aba028e2b02f513cf787719b"}
FILE_JSON {"path":"transformer/.candle-device-format-v1/6bf58222a227b1936810141aa4e13def58b58eb2030cc5a1aa07293cec541d0e.q4_1.safetensors","bytes":9216456,"sha256":"f7a738c04f8f3b913f06d75e828b2a0c00bc27c8c5c2b995070707dca08199e4"}
FILE_JSON {"path":"transformer/.candle-device-format-v1/6c44d14b4edb068806dddc56e41e0dde3e0ee8df507957b3f0a41b02057fd46e.q4_1.safetensors","bytes":24576456,"sha256":"274075ac434cb19bf128383a4598417ab1ecca03c3b5514a9f94f274051d71cf"}
FILE_JSON {"path":"transformer/.candle-device-format-v1/6cee0d9c90d44e137fa68350c6a3f9e922b6f9bb7f53df372939d6a31c31c643.q4_1.safetensors","bytes":2458056,"sha256":"67976baccd5cbd0e42ca95d7bee8d10ecd26b4a7fbd4849f9fdf8538c9356289"}
FILE_JSON {"path":"transformer/.candle-device-format-v1/72a9b13e7fe862d27c8c40d0c7a31ab5c5d170c94a033a0d282da83a3ab94fd8.q4_1.safetensors","bytes":24576456,"sha256":"8af037abcc08484ae700b8faf22a81acd2dbaa1270349378bd783b76495e9464"}
FILE_JSON {"path":"transformer/.candle-device-format-v1/738178f26cd8b944c8ed43ec9308355eb615b256b9fb204a647b027ea9293665.q4_1.safetensors","bytes":9216456,"sha256":"f7ec4956ab4d9a9aad3a4637536988aa4d3d8a99b82df16409313f3efa80b2c1"}
FILE_JSON {"path":"transformer/.candle-device-format-v1/73b47db50355bffeb337d614fc6fccf1337e25c70b2af9e38789b1b8984362e9.q4_1.safetensors","bytes":24576456,"sha256":"a6c39776b552bd2859fc4bdceb503043e5d3e1487aed3df1bf569c6292854403"}
FILE_JSON {"path":"transformer/.candle-device-format-v1/746446271ef857ec48f2c1e174f4aa608653d8bb64bb6c29c8146bc5d8c12d64.q4_1.safetensors","bytes":9216456,"sha256":"7311472204d1ba6be9f3d272304f97052021aa4611811283caee03730b1efc34"}
FILE_JSON {"path":"transformer/.candle-device-format-v1/75005855172899ee5f2691f8376ee86beb6e7a347ac43caf78caa53b6304a3ef.q4_1.safetensors","bytes":24576456,"sha256":"f96f83eb5464eb1b02da332897408df375434e61680756a8fd458e7bdf01cb6c"}
FILE_JSON {"path":"transformer/.candle-device-format-v1/75155ce0f461d4d0b79630cc505dd95012eda9085781a9add63a7b123760eb28.q4_1.safetensors","bytes":9216456,"sha256":"8616e21476bb400ad1558df07bdc34e1a34965d51aee0d76241643611feeaee5"}
FILE_JSON {"path":"transformer/.candle-device-format-v1/774beb4d0bcf4ef369e9dca0f4ea1e61c23223400f5e59bc0040f64ea7ab6722.q4_1.safetensors","bytes":24576456,"sha256":"b6b3b738760b341f62d479a4e7d97d0722842c2a53fb84f949081c6e23528739"}
FILE_JSON {"path":"transformer/.candle-device-format-v1/783897bfa08d8b47732e2f05b02a839fe4670a4128d961f114ef211443b5a0b4.q4_1.safetensors","bytes":24576456,"sha256":"c7a8791b4e9a3dc24d0083eb0337db34594d04864bf929a99aad451d92530df2"}
FILE_JSON {"path":"transformer/.candle-device-format-v1/7966356be18f1d5eae382809d22108bc01e126e8274a8ad8eb65731620aee17a.q4_1.safetensors","bytes":2458056,"sha256":"0ac9d803691cb7e3772057d16bf727cb6f052394e570509befd617a12ed730ef"}
FILE_JSON {"path":"transformer/.candle-device-format-v1/7af5839ae1b0057c83eaa9f0e3023d12a2fcb469eccd376a327de5f3113654dc.q4_1.safetensors","bytes":2458056,"sha256":"16ef11cc78da8c77f36cbd2f0ad4c774d403388f6ddeda14cc5200a5f493852f"}
FILE_JSON {"path":"transformer/.candle-device-format-v1/7b0bd05625383b5f71b24be9ea888f333cac5b32494d0be13ebc1d2656675c9a.q4_1.safetensors","bytes":9216456,"sha256":"e567aacaa248191aaf7a9adf1db1fdbc46f53911090794db082e0b785884db23"}
FILE_JSON {"path":"transformer/.candle-device-format-v1/7c21da0e8147995cc94911508080ea27fba0ae81261242542fb531f81c3bf4ae.q4_1.safetensors","bytes":9216456,"sha256":"3df96669827e4e2aa468a3c2ff3d471f2c201bc26c0abc02ed5038e3e35473a4"}
FILE_JSON {"path":"transformer/.candle-device-format-v1/80499766a9b06815a611f1e4170f47fa96d62b729ee5af65bb02add98c1e1f32.q4_1.safetensors","bytes":24576456,"sha256":"47639a5f6f04947bdb6ce604be5912de8654f2f95ddeef29af724222cce87093"}
FILE_JSON {"path":"transformer/.candle-device-format-v1/81248402eb20681674019532581b5d67c2362a4456b2223bb06d1cbd0b27d4a8.q4_1.safetensors","bytes":24576456,"sha256":"d980bc144cdbff69b35ee59989a4ec6f088145f6d740638c3f4542c168395757"}
FILE_JSON {"path":"transformer/.candle-device-format-v1/8138f2658b59ca46cf58deded61d2d1478aaf6c0b1e75816e87ab2a73b6bbedb.q4_1.safetensors","bytes":24576456,"sha256":"69e72377bd5d2e9f1f469bf46b074205c32dca58454000629a70fb8fd320d39a"}
FILE_JSON {"path":"transformer/.candle-device-format-v1/82cf4cb63e8bbbf57824f2b4075f7d34db1d06eecdcb577599f5d811a70297b2.q4_1.safetensors","bytes":9216456,"sha256":"1bd7549707ae39e4f3300a869a66d5524a0138bbaa924fc5e2daddd493d2406d"}
FILE_JSON {"path":"transformer/.candle-device-format-v1/8337bc56a462a20b38099b9b8fdc39a86a7bd739e9beb595ab461dccf069e938.q4_1.safetensors","bytes":9216456,"sha256":"9e6d09f95120a7ffdf4bad39c0115e2675b8179af3c9800e1b4450171ff2e1d1"}
FILE_JSON {"path":"transformer/.candle-device-format-v1/858c567a17118a84128e8b35305dbb961f9675d2a9c01a80fb796d63725d4a00.q4_1.safetensors","bytes":2458056,"sha256":"e882d430dce5c3cb04f3b5ab228ef6cb01aac8c5ebd0df9918df3ad5b0188763"}
FILE_JSON {"path":"transformer/.candle-device-format-v1/86a9fb69eeaef6edbbc7f3dc2e53d6370b0ef464942fc0385bdf42b5a9cbf848.q4_1.safetensors","bytes":9216456,"sha256":"ff712ede2339b6b2570e7a014d34f94ea8a401f0fff8544eb91fcb016a5bf93b"}
FILE_JSON {"path":"transformer/.candle-device-format-v1/86b5fc2ef8f77ee8d138f45eaeac4dd16365fb3612e8f497a67ea9b21fdfda3f.q4_1.safetensors","bytes":9216456,"sha256":"252bd4e7a40c0718a331e7dbe37364f0815b43f4d03f2e05ba76b55ee4c68cb5"}
FILE_JSON {"path":"transformer/.candle-device-format-v1/86d21575b300d440381e7cff3fdf0b4a8b9b1379eb80d68be0d8e82af830d74c.q4_1.safetensors","bytes":24576456,"sha256":"c3bda7487021a786e4d9f02d27b9e04d493693f5aee82bcd9011d3489c592f76"}
FILE_JSON {"path":"transformer/.candle-device-format-v1/8888ea9b461e21e344da3838e51967d72fce95f2e51d86a2f5b4ebdb1c836500.q4_1.safetensors","bytes":24576456,"sha256":"17cb996c651c036b8bc45943de430206e4ee08b985689a88368f730acacec587"}
FILE_JSON {"path":"transformer/.candle-device-format-v1/8956f603a9c0d9dc21cbfd7268d67c42d9ecbbbddc978e9d72c5d8f212e5326f.q4_1.safetensors","bytes":24576456,"sha256":"a89115e4f150849cc48088772edb4351904b7299bc185a2e6f555cb431ac9874"}
FILE_JSON {"path":"transformer/.candle-device-format-v1/89bd7e0519addbdc66a8068f72f9e3efc52e240edd085d3125198bc86362e29a.q4_1.safetensors","bytes":24576456,"sha256":"2e7d374d66492f24d5d0277f36d0a1d363d5108ed34140cdf285a1101333c33f"}
FILE_JSON {"path":"transformer/.candle-device-format-v1/8a9c057aa5547c2ddd94b53c5ac05b67570f91dfaee83fe4a15c9ea80f8fccf6.q4_1.safetensors","bytes":24576456,"sha256":"1a387663845f8516ca077a196aeda8119ec55dee1786940b53bf67ee2fc7a436"}
FILE_JSON {"path":"transformer/.candle-device-format-v1/8ba0e18879884546d17f7a105ac85f223effef43a0110bcfef1e749135a4d986.q4_1.safetensors","bytes":24576456,"sha256":"067272cddb828b17e29a95d0d0078a372edca9746539dcc6ef1abcb4accbbf0a"}
FILE_JSON {"path":"transformer/.candle-device-format-v1/8bb5e03ebfd042380780b3d7ad1bee2e99bf608657377976cac294992c741e8d.q4_1.safetensors","bytes":9216456,"sha256":"074d3be782fe7d3ccf93eb8e0fd5c9e8fbfc97c91aee7d427615adea885a12a2"}
FILE_JSON {"path":"transformer/.candle-device-format-v1/8d617971dbf6d4439054c0b5b0556b5060d0c72e267e46dd1a5f38a793b93386.q4_1.safetensors","bytes":24576456,"sha256":"d2b1e4f06c0d01e0fcfa5f9fb718e7a37b09ef7009fb447e3c01242f6f1b3db6"}
FILE_JSON {"path":"transformer/.candle-device-format-v1/8ecb54ff8f2296ead5682b20ba910c612ca825746509648f0dbdcc96f9ad7e08.q4_1.safetensors","bytes":24576456,"sha256":"2fb16a8d98f8edd6bfa3603b5d9ca8c38741825e9b6f3de8ba37f3b1dd662747"}
FILE_JSON {"path":"transformer/.candle-device-format-v1/90b871769df00d4f42c22695a84696e53f56604ce58bcd0df284195e3bddb3f5.q4_1.safetensors","bytes":9216456,"sha256":"c040a52748c19a7591784e184c039db8f3ef3e7c0d14be3966d784292c16ee76"}
FILE_JSON {"path":"transformer/.candle-device-format-v1/90fd04ee9351e8217b7f00b815f77c58ac0e8306ab526a498c5b5d39d11ccf14.q4_1.safetensors","bytes":9216456,"sha256":"faf06db890f1a6f3b20eb3751ea347fb098712ce5e2f3ff1c0814a3410dc264d"}
FILE_JSON {"path":"transformer/.candle-device-format-v1/9249fc31fb20817bdd3d896db8ddcaf7909490485afd11a180fdfb8d40d5df11.q4_1.safetensors","bytes":24576456,"sha256":"4d1e7d449c0e3b827df63ef699f8c020a33c2a7f5a14fd1cc2b849210fdbad69"}
FILE_JSON {"path":"transformer/.candle-device-format-v1/928c6f0690fddae67d80fa2ff0cab9698bc63c1bb6dabf7ca91165de1d200784.q4_1.safetensors","bytes":9216456,"sha256":"7ba6c1f146fd052617c8854500ede2cb7de991ae53b0073ee3242e61bc694e48"}
FILE_JSON {"path":"transformer/.candle-device-format-v1/94dff8504c380687fdd820a8e0dff600a34f93dd62f14c1af5964474d08f99fa.q4_1.safetensors","bytes":9216456,"sha256":"f4a9a21678954f986c9723a6da734e22f9148000e16448e3f4b7a35157e6a7b5"}
FILE_JSON {"path":"transformer/.candle-device-format-v1/952a68b60d9273bd9b416e2745dfed0cf4ccfedfd86c0ce270a6abbdfa738624.q4_1.safetensors","bytes":9216456,"sha256":"d6290048750af2b272d5e84b5fc05ef4a5b02787455691e3b6a928d287bbde82"}
FILE_JSON {"path":"transformer/.candle-device-format-v1/965c3448cf22c8c44886825c88ffecfc7a8e407a1a3d891d233a9e4b55595109.q4_1.safetensors","bytes":9216456,"sha256":"f991e89a373bc46542f09a93491639dfff481d0499d3ecb68fc8879e5a1ce704"}
FILE_JSON {"path":"transformer/.candle-device-format-v1/967a3861dcb4d55f8ab66e4c06127b4896796f1f5f44f0d2a23e7ea8e2777473.q4_1.safetensors","bytes":9216456,"sha256":"cb579fade349a9d5a53ab2cd137183353784eeb6ac9c8cc5492cbf5cd39c21bb"}
FILE_JSON {"path":"transformer/.candle-device-format-v1/97fa3554ecb1940fe6acac761aa10065d67aa6ea257ece4d7aed1058d71d3607.q4_1.safetensors","bytes":9216456,"sha256":"f97aefd3beecc451a2346337c6e40b7a670964caa9d65369ce181a464af2dde9"}
FILE_JSON {"path":"transformer/.candle-device-format-v1/98ce4ce2045f7760def5946d8ed77afadf85c87f681cabca9c6c3814311001ce.q4_1.safetensors","bytes":9216456,"sha256":"cf30cca903787f54bacbee73c0f54616fafd335d5e8f22fe05dceb0d585f9a31"}
FILE_JSON {"path":"transformer/.candle-device-format-v1/9a90e60bde40beb187975cab7e5babc12174033eadfca81b98e4d35b420018c1.q4_1.safetensors","bytes":9216456,"sha256":"7857532836e1dc372777af876acd5e0aaa0f0d11b80838560ea2b76c55c8c001"}
FILE_JSON {"path":"transformer/.candle-device-format-v1/9b34052145dedc035ac4ecc7c9a1056b4323f6e85b52dde2e1d0db241effa680.q4_1.safetensors","bytes":9216456,"sha256":"0af62d660627845e164172d1f801a689a56b8d7497b36f19528c6aa1cbbedbca"}
FILE_JSON {"path":"transformer/.candle-device-format-v1/9bb059af80f665536430cd9c0b72353f04063a7fbc8cdb4a8af9457c7e73314a.q4_1.safetensors","bytes":9216456,"sha256":"9d642f9e21af9e2fcc4532a63d758c57783ace697a76f94574833d35863e5c02"}
FILE_JSON {"path":"transformer/.candle-device-format-v1/9bd7cabc4347f90b467d8e3f470a13e27d7e9f2b98a3c8b2c42928be72efd1d9.q4_1.safetensors","bytes":2458056,"sha256":"a579b9c1074f6881cf61a0312f5400b44b9f6d0d1d986d8365a4f26abd1a20ff"}
FILE_JSON {"path":"transformer/.candle-device-format-v1/9ca27dd49a3f34c8fa3fba80e74e1246c1edc523ff9d2cffcf6eaf15b63077c6.q4_1.safetensors","bytes":9216456,"sha256":"e98be921be4e8302df26b1ed830047e8fb89b241806e6f15c23a4542fa00551b"}
FILE_JSON {"path":"transformer/.candle-device-format-v1/9f10d57f5a83d678ea25f3f43eec8a8f5773e3298c94422812ef908c68661c0f.q4_1.safetensors","bytes":2458056,"sha256":"9dba688f9aaa9aac78cef0ccd2222e8554bf45fb70f95e758d61f5900a6f5c66"}
FILE_JSON {"path":"transformer/.candle-device-format-v1/a0520bea76da0af06477c8ef6d1ba90aba85ff91fa714edca6ed471dd8fc2a3a.q4_1.safetensors","bytes":9216456,"sha256":"681a7661d69cb015268c2f9b2d88dd894ec29c233f56e262b384495c7a415320"}
FILE_JSON {"path":"transformer/.candle-device-format-v1/a05c0b6151cddbaabdd8c4708c68e1e6f3a8b88810e3971340a881dc55577d49.q4_1.safetensors","bytes":2458056,"sha256":"d3a0f94690bc7fc14aaf04ffb96f3e7e280708e609d9df938ce93f832a433242"}
FILE_JSON {"path":"transformer/.candle-device-format-v1/a197d3e5c676d38e7a440017a46dcab11c98a740eb8d160feebfe1996f61d2c5.q4_1.safetensors","bytes":24576456,"sha256":"22fe28231a308a002a2de9efd35afa4d2715c94d5d3401857afb36d5d4bd6512"}
FILE_JSON {"path":"transformer/.candle-device-format-v1/a30c355ab34930d6b55490bafa6b0a16974ea9b18f5d7529050be5c2fdfda2d1.q4_1.safetensors","bytes":24576456,"sha256":"73c3a17e19ba5059a9c5fcdfb59247a2d7fd9cacc2181dd2e380bc126c8758bd"}
FILE_JSON {"path":"transformer/.candle-device-format-v1/a434e5b2ba7eea86ab6c7edbf2985bc0d4e533a0f4fa8bc961e8ea11244f1130.q4_1.safetensors","bytes":9216456,"sha256":"3218aebec76191ad1b1c698fd3c935c41c415a1b502d25bd1f19da493769abd4"}
FILE_JSON {"path":"transformer/.candle-device-format-v1/a4a85285937394b99c54354b114b70f90b449fdb99f1dd2953bc0220d9174ece.q4_1.safetensors","bytes":2458056,"sha256":"21295aec5d4ff3306be2ffc5b17204b2b762677a62750ae04d3e5220c53ecc22"}
FILE_JSON {"path":"transformer/.candle-device-format-v1/a4db06d902493b254600aea787aacd3829d24374babfde2949a1fa9fa0a9d407.q4_1.safetensors","bytes":24576456,"sha256":"06f69f1dbfd10d7eda400de72dc424e58c31a921af98d3d7c13305eaa629d723"}
FILE_JSON {"path":"transformer/.candle-device-format-v1/a4f04282638611427ee83b516883e3117cbb1fac91c3c008dcceda8c5ad5c59e.q4_1.safetensors","bytes":9216456,"sha256":"a48b09351f5251f2c87f52382f04d7ef50098be0a7ffa3e239b11276623de7ad"}
FILE_JSON {"path":"transformer/.candle-device-format-v1/a5a8b782f908da17b5ee2bfe88ee1d8e7dbfaccbdcb0d24d562b5347c95a728b.q4_1.safetensors","bytes":24576456,"sha256":"1a4ab1a20b70e20c884b77da542d3bfea8c189b93c606a9de7c4d34bb6f716aa"}
FILE_JSON {"path":"transformer/.candle-device-format-v1/a81c813f1aa6c8228b78eeabad1fe38dee098f802fa02b69b44dc2eec38dfe5a.q4_1.safetensors","bytes":24576456,"sha256":"461c301884c80818d55b44b697f44417ef42720d7a5dd0eb48ff8a490886b26a"}
FILE_JSON {"path":"transformer/.candle-device-format-v1/a85b650a714e5fa712ea634fd9b90fc879150979dad0f5f56a94d856f4cbaf4f.q4_1.safetensors","bytes":24576456,"sha256":"3de153df270b202beb03b604fdbda994fd631e73d6d3aad3e87c3b9705c82bd8"}
FILE_JSON {"path":"transformer/.candle-device-format-v1/aa3bfd7ff62b46701c4c1432feb9a069ca97bd413999a32cb3f8bd5a89e3c354.q4_1.safetensors","bytes":9216456,"sha256":"930fbc81974608b3ff7d17eb7e60eb935e15b24762e215d9ab747e75fb619c3f"}
FILE_JSON {"path":"transformer/.candle-device-format-v1/aa4d9fef64767c2fd2e71e5f3ff45b01d2fa0e2582e51bdebd0e5b56db0f52d5.q4_1.safetensors","bytes":9216456,"sha256":"45a70a67d0e1f613de80c2fa364386311e1d48d3a84cbe6321f8d6232daec02c"}
FILE_JSON {"path":"transformer/.candle-device-format-v1/aaa6c6abdc96aaec835f181b130c6081055ec15034f47cdc53227904cf4c4726.q4_1.safetensors","bytes":24576456,"sha256":"289f1451939923504dbf25d6c5ed269217db474e60dd1740e3096b5ee3261792"}
FILE_JSON {"path":"transformer/.candle-device-format-v1/aaf971bab870663531511dc8ce94068281f689ab63518f284e92636323461bc0.q4_1.safetensors","bytes":9216456,"sha256":"97a5ecaaab7922fa2171d7bbc1dc3f48ce26e07cc76f8f8c040dfc6617645acc"}
FILE_JSON {"path":"transformer/.candle-device-format-v1/acd49a23f4718ea8bc073799c4237ec84f242c1e4b68ade03d60639c3790bd7c.q4_1.safetensors","bytes":2458056,"sha256":"56b40654ca72478e957e603688a7ce2215ca8e184b537b9b1de5ea47913ff964"}
FILE_JSON {"path":"transformer/.candle-device-format-v1/ad6a67e5d77ea48e07c5ac17532c7db4d934a8134bfe12d4b88607ee0c22996b.q4_1.safetensors","bytes":2458056,"sha256":"f6bcd9fc5cdd695f7e7c8bf3a75d0c7c78ab7d3a4faa1c23a41501d36f1c1767"}
FILE_JSON {"path":"transformer/.candle-device-format-v1/b1922076522881abf4330891e0f424a712ecfa6b8ad17758155d2a948be5760c.q4_1.safetensors","bytes":9216456,"sha256":"8bf27b08ae52038729bc24266006f354276d45a687f8a655b8565868a903e6ef"}
FILE_JSON {"path":"transformer/.candle-device-format-v1/b19d33733b0e139fb1ec178e6b1a9437e26c57d7d3b16470f41febff0a727e6a.q4_1.safetensors","bytes":9216456,"sha256":"899b953774eeba1f6c5140e68a5722b93098248f45f718b0ccbd9f167d6d77df"}
FILE_JSON {"path":"transformer/.candle-device-format-v1/b1a84b65af5c17befc82261b6cc760a618e2f7082f62f7e85b6f1f99a6083bcc.q4_1.safetensors","bytes":9216456,"sha256":"3aeea48b60f002afd9414148b5bdaf770047cc45d73d97f3d7dc33d4f9c6596b"}
FILE_JSON {"path":"transformer/.candle-device-format-v1/b39b73c00c9bea14d0e25db208c6d09bfb5a9428d50238ba339d6a58c32fc8cc.q4_1.safetensors","bytes":24576456,"sha256":"e655ee628151d2a6c68e2271cd521d9e4f54e9150d405bd78839187ead9cab8a"}
FILE_JSON {"path":"transformer/.candle-device-format-v1/b3bd08cd418b75a3b69aa56cd9fef1979a065f43f6c3029aac530cb1967374eb.q4_1.safetensors","bytes":24576456,"sha256":"0aec46bfe429cd0770406251a4117789cd3ead07c2fa1b1c6b91f20061295f29"}
FILE_JSON {"path":"transformer/.candle-device-format-v1/b479c16316b839f1a17c54f27e20fb6f3d22bbf0af4b555029ab69e04c077dc0.q4_1.safetensors","bytes":24576456,"sha256":"e34cf08b89b8d594655b7b9c67f30ed6fcdf378e705af015a512943b2732d2da"}
FILE_JSON {"path":"transformer/.candle-device-format-v1/b5d573b0e4d14cb55c013496b85878eee4396ca66786d127e7c133fe010a021e.q4_1.safetensors","bytes":24576456,"sha256":"195b097ab63db103517acd6dc5332a5b2e17cc1da1e14611c9f97736ba1f9fcf"}
FILE_JSON {"path":"transformer/.candle-device-format-v1/b690e6bfc5a84df60e2aec949d8adf4d9117e125b687e18d32500c5c9d8993be.q4_1.safetensors","bytes":9216456,"sha256":"21d2a46b72008f4ee696b709909593710af7cd609a8b4dec70546f0aea3c0b5f"}
FILE_JSON {"path":"transformer/.candle-device-format-v1/b772d395303b766a44e06b4cbff5877fb2ddef098959557bd4e175a6911e7af9.q4_1.safetensors","bytes":9216456,"sha256":"aed0d810a56aa5d6ac43432b5937eed4c10c0b8d9f98592f57b1fef636674c26"}
FILE_JSON {"path":"transformer/.candle-device-format-v1/b83200dfa864e4d59509be26672b8e681c9dc960b1301b829a4c7b152d0928dc.q4_1.safetensors","bytes":24576456,"sha256":"8cc2dbf718ad0879315fa4ef8b4abe8790b6b448fb2d6065e49a10fff980a734"}
FILE_JSON {"path":"transformer/.candle-device-format-v1/bb6ff5727488881002fe658395497addeae3137515b4c8584400e21bf5eacf43.q4_1.safetensors","bytes":9216456,"sha256":"444726b734b8d97247433b7d94d58d986ae32a7084f68c2f16fb50a6e66c77ee"}
FILE_JSON {"path":"transformer/.candle-device-format-v1/bce2bd767e3ca57436cbdef8c8276b09634ad98a50ae5e3f1927c0aecad9519f.q4_1.safetensors","bytes":9216456,"sha256":"ed695fc5d99e2f518f4e8eedc5e367fc1d7495a39ff6922ec3910e788f1cd252"}
FILE_JSON {"path":"transformer/.candle-device-format-v1/c1f4f0618cbb7af1e3cce6a80520f20808972c11e305a1595d61e3305b22321d.q4_1.safetensors","bytes":9216456,"sha256":"e3b3753097cdaf36a8ff0a28cd63f5f68a3903f38991d63e0e18e9a06517ac4d"}
FILE_JSON {"path":"transformer/.candle-device-format-v1/c2da30a30e1a5fee4df80e3f2ab80d7f8ea9434f83e0e0f46c235cb9de235578.q4_1.safetensors","bytes":24576456,"sha256":"4304110422220f4cfeca7b7fd8792780aa0fdd6efe3eba277642a2a7d8dd3d0a"}
FILE_JSON {"path":"transformer/.candle-device-format-v1/c438a5bdbf702297ceaeeb4d74e64fa6827c2a21531038b866c90269ca8d4e47.q4_1.safetensors","bytes":24576456,"sha256":"4dcbf4410fdedec76e8953e4b49386ac280130828a823856ee0e61d5de58915f"}
FILE_JSON {"path":"transformer/.candle-device-format-v1/c636882d6eb9e594c55c284d8aaebb04ed0313345f465bd1a5d145c17ffb0b4d.q4_1.safetensors","bytes":24576456,"sha256":"b2625da519544246e7edc7b383f06116eff41926114e674f6e80b08350b9cdc4"}
FILE_JSON {"path":"transformer/.candle-device-format-v1/c72d5a1395ea3973f0e850c2feb08a0ff039fb32c83cf23ee5f7df26dd7ec47c.q4_1.safetensors","bytes":9216456,"sha256":"b2e28ab16373fe54a138bf3e58e6de79ce1a7be701e7ab5bba0a1870fa5f646e"}
FILE_JSON {"path":"transformer/.candle-device-format-v1/c9c3b0beec09f91028cccf1718f212fe3036bc74bdc92d0c16d4e6b9ced04c82.q4_1.safetensors","bytes":9216456,"sha256":"45cb64f798b8f194420dd1f8a01870445d5b84b0dd8a2e182ce98c0b91da5438"}
FILE_JSON {"path":"transformer/.candle-device-format-v1/c9c40fa4a5721d7c815c0bd594acda32884441ee9967b5419450657d1c6a33d4.q4_1.safetensors","bytes":9216456,"sha256":"426a93a43b36b8c13240aa69e8f67848d41a00fae4acb7e14c099251d63ace94"}
FILE_JSON {"path":"transformer/.candle-device-format-v1/ca90a46c3f9310163c429a673331727626fc014178076a557086823a7fd6143c.q4_1.safetensors","bytes":24576456,"sha256":"43b10bcc78d6e9d59e3b48bec6f9291df3235b0e402c855bb1a9d3032974793b"}
FILE_JSON {"path":"transformer/.candle-device-format-v1/cbbc5054eb87ca2abc11cf6c7bb9f0d4a107b18e91b1dde3b8c0dae071537aa7.q4_1.safetensors","bytes":24576456,"sha256":"f493051c4f714575c32eca44cd2a909cafa7f98206e9c2c0709fbaf1f0806b69"}
FILE_JSON {"path":"transformer/.candle-device-format-v1/cbe3a54f6e103c6e9fa6bb23d1a68fc40b22ae2013c78b896eac679f6f3c6429.q4_1.safetensors","bytes":9216456,"sha256":"332205f42bfc46f6874e8cacfff5f1fdf771f9e7dbf1661a2a3d3b90c7c22b44"}
FILE_JSON {"path":"transformer/.candle-device-format-v1/ccb45ce04cac4dc8a85d9359b7634b9ce15c1cedd96d7dcce544ef4c1288a9e7.q4_1.safetensors","bytes":24576456,"sha256":"fabd92561bfb63f0fe1001f8ef1c9f46480dd912d9749410f635640530dcc5d5"}
FILE_JSON {"path":"transformer/.candle-device-format-v1/cd401957ffc76b78b30241cbf4287c8e66f62d5edd3ef469026955bc07a24fe4.q4_1.safetensors","bytes":24576456,"sha256":"e8b56bf75bd282be9d1c0badceb26aae37809d1fcc418a7d92d2ee53b78cea78"}
FILE_JSON {"path":"transformer/.candle-device-format-v1/ce3959f1e44416a38f89407b03ced682fed79531862d8dba52fff4b86f67350f.q4_1.safetensors","bytes":9216456,"sha256":"e99fe1d446cb68fe086661c9c37697ec1a6d5b670bd75e5d19728a0ccfa11013"}
FILE_JSON {"path":"transformer/.candle-device-format-v1/ce86f75eccd7947da81afbe1feb181959471963f6d6a89f621e0f14f89241a1d.q4_1.safetensors","bytes":9216456,"sha256":"bd6ec18ca15c109af981a605bd5af195a011cdfa5042a0850c9f241a76701365"}
FILE_JSON {"path":"transformer/.candle-device-format-v1/cf87138c56d02221bd648fa68c6f2ab65e267b6d3a2b0fc5f20eb2fd84267863.q4_1.safetensors","bytes":2458056,"sha256":"3b042cd198846e5b64e7c1b48700177742c342ab0835c60ad223ecb3da04073a"}
FILE_JSON {"path":"transformer/.candle-device-format-v1/d2001b58884a258d930df575a1e169edb40b9b9e46597ef1cb08c73b5c79ed4b.q4_1.safetensors","bytes":9216456,"sha256":"7bcaec93b83354eddce7b3895b894c5d2b68230b07b1b5d3f36c9168a1bf706e"}
FILE_JSON {"path":"transformer/.candle-device-format-v1/d225c07a5a33b82ad3c5d63c60936d3b5e06efad668891a5639ba21042917af7.q4_1.safetensors","bytes":24576456,"sha256":"b8c108e43ff9735413dfdaa83014857f2ee50db6189b5721dbf348479ca60861"}
FILE_JSON {"path":"transformer/.candle-device-format-v1/d3f579cdb36901d4b211ed5b9306fce8811c519c2bdd3d17e9137f0e08bd828d.q4_1.safetensors","bytes":9216456,"sha256":"c10be90ce3aedf5ffb9ee554736a42ede0c14b90fd4334885f32fbd1749509ed"}
FILE_JSON {"path":"transformer/.candle-device-format-v1/d40059623402d7ab371608e6b82f51b632f7c900336609d9e6acf53330df25a8.q4_1.safetensors","bytes":24576456,"sha256":"96d0ff2f9da05c3cabb25b42dde623fbc1f354f50d3761c08be7f05ef611a7e0"}
FILE_JSON {"path":"transformer/.candle-device-format-v1/d7046b3a448f793b7a52962218e747d87fdc20acf8f3bcaadbcf794a07d523ba.q4_1.safetensors","bytes":9216456,"sha256":"d5650806ac02571709258300dd69ebeadf6ff4fc844b107cf35707ef4f88d16c"}
FILE_JSON {"path":"transformer/.candle-device-format-v1/d835601b0a1f4a9de64e4097df7ea369f8bd03e5f95fed3c70f2a46f8c4b3b72.q4_1.safetensors","bytes":24576456,"sha256":"9746cb8417b73e2f67e7de9f7e67fad83ab4c0cfe043f8488ca3b500239202f7"}
FILE_JSON {"path":"transformer/.candle-device-format-v1/d96821791bc95f3e3023fd464f624ccae553448b7d444295198ea50f99e826c9.q4_1.safetensors","bytes":9216456,"sha256":"e182544840d139ca020b8d810e6a6e3ab92c95ec44892bbccf254d457df7c191"}
FILE_JSON {"path":"transformer/.candle-device-format-v1/d986f2091caa11af3e92cf207349c7df791fd600f79bffbba43ef6df050e7e0a.q4_1.safetensors","bytes":9216456,"sha256":"687c1ece680877a0c703d03d1c02f071299f78d5363222d23e10a786511ef376"}
FILE_JSON {"path":"transformer/.candle-device-format-v1/dba7ee93a86cc880bfcda1e8725a6985b4a2c2e4273fca5f5fbec38309e86ca4.q4_1.safetensors","bytes":9216456,"sha256":"853131187797d101650dae8f909a5203be97cc75d73fa4bbeeb4bedb73a10510"}
FILE_JSON {"path":"transformer/.candle-device-format-v1/dbb5a8562ab5e1ad08bb0014f2c084c45446c806bd4f5a7fc2ffda5e1f730a4b.q4_1.safetensors","bytes":9216456,"sha256":"022b6e3a774ced8125559a60cfdf07fcfd2c16607263f7820d0f48e2acaf1228"}
FILE_JSON {"path":"transformer/.candle-device-format-v1/dc90a9f99df15bff4f0c42ed97b28047f97e682ebb213d42a260b56295c13f8f.q4_1.safetensors","bytes":2458056,"sha256":"249af2c9af4aed5dbc6fc48118af4749072efaa630d66bd9e42501fcfb641463"}
FILE_JSON {"path":"transformer/.candle-device-format-v1/e0710b3b10b6146f25af854ac20f2145b42814a438cde88ec0bb41f8d8c79a51.q4_1.safetensors","bytes":9216456,"sha256":"e5d3c139452895c13f92d574615f28cf7953084122414bd6ec0bf630f8a9c854"}
FILE_JSON {"path":"transformer/.candle-device-format-v1/e10ca6988b5adc1b1caa0e96a503c0e2fca454080fdf8ad9b6d8f6ba017e1a18.q4_1.safetensors","bytes":9216456,"sha256":"675c4b262fd84672d3322cb6ae7eed6453dc21712862b1f2578e47ecdb6adcb2"}
FILE_JSON {"path":"transformer/.candle-device-format-v1/e18e99c749f3369bceb5651fd7d974d1bf9d0dd3f96a03714e546fa178c53211.q4_1.safetensors","bytes":9216456,"sha256":"b6a74f4e4a0a095f96564b3901ebe5c96b5bff3cdcbe55de25adbb872c843d45"}
FILE_JSON {"path":"transformer/.candle-device-format-v1/e2261d609176179720bc5a358be1754141599e6fb095bae841fdff9f25e5b2fd.q4_1.safetensors","bytes":9216456,"sha256":"0f67e1440b455c66b5882f5ad1a34adc3af7e1191913a1d6d79421b35d06f381"}
FILE_JSON {"path":"transformer/.candle-device-format-v1/e3c81fa2bc07696f75f2a014389dd433a8c379cb92c57c9cb060117c0c273678.q4_1.safetensors","bytes":24576456,"sha256":"2b7ab0ca0f7497d6d7058bb68283f8f6a0f9d93ddef8caf59a18460c01c46563"}
FILE_JSON {"path":"transformer/.candle-device-format-v1/e4fb9b87d5379001f6a937537c3807e7ce3d529b8dddeb7b6cb0143ce938ebe4.q4_1.safetensors","bytes":9216456,"sha256":"709cc0c7e13d7edfb252a02fb90e0003b67da6c10b56b9b7ebfc54ac0ec321c2"}
FILE_JSON {"path":"transformer/.candle-device-format-v1/e67492640a65cbc2ea1cc66211177e0cdb28afddc2ce575489beec3c026154e6.q4_1.safetensors","bytes":9216456,"sha256":"2ebc0d65f8ebeeac83a1d8b7dbad98f51005f0807202393e26b179fdf36fceca"}
FILE_JSON {"path":"transformer/.candle-device-format-v1/e90405819162cb075acc5eb81caaf5d1a23fb4d04ea5108ca31d0900fff3fadc.q4_1.safetensors","bytes":2458056,"sha256":"7ad045c230d6d78efd576b60e7ffadccdea919afdad966e7878ae7801652bb92"}
FILE_JSON {"path":"transformer/.candle-device-format-v1/e98a234d7a9cc9fb0c6513d28685696188c28abe571607c12022831eae313b78.q4_1.safetensors","bytes":24576456,"sha256":"83f8c14bfa7cc1f0792547d746dd9fa5e22e32ca4557bce7b461a6d92367f101"}
FILE_JSON {"path":"transformer/.candle-device-format-v1/ea25eadda390ed9a53a95276ad2bb0a2beb74e33c526481184f044cf2758f2b7.q4_1.safetensors","bytes":24576456,"sha256":"41bf6b164e375b02a2f26a35b219635ac88fa70ad0e1f98b6c38c5105e3193b2"}
FILE_JSON {"path":"transformer/.candle-device-format-v1/ea2d8fb9f4a8a14a25cf987e077dc8dcb4d478a0c2b6a664a8222cd8333187c4.q4_1.safetensors","bytes":9216456,"sha256":"074fac352199c88a47f0ee62c4cf75d4f43ce2d0f60ba9f7c15c4e0b1583fc5c"}
FILE_JSON {"path":"transformer/.candle-device-format-v1/eba613045ea1ba1e2b0e2a3ba2a729a797e9dca5ea1852dac2b1bf9431a43bc4.q4_1.safetensors","bytes":24576456,"sha256":"f9075695051d617061b8ead6398d5e1a6ecaf49a2390ebd2af7c4e85fa9b673d"}
FILE_JSON {"path":"transformer/.candle-device-format-v1/f00a742155794df80bd55f5c86d73f6d61832fa086094db092a88d844412f1de.q4_1.safetensors","bytes":9216456,"sha256":"845086407fb597704c248f1f0ab23eb2dca29c7ca2f383c5ce9e6c686cd12297"}
FILE_JSON {"path":"transformer/.candle-device-format-v1/f072d3717ee87081993e1f1e1d4b344d3f370c62d90c587777688dafec5770f8.q4_1.safetensors","bytes":24576456,"sha256":"93e904aec0975b945a0221e27affe5657f8389208e120c4ecdebf75539b338ac"}
FILE_JSON {"path":"transformer/.candle-device-format-v1/f0ce9eecb500897585f6d0b765fcb47757037d86c8ed8e83942985b5234dfe70.q4_1.safetensors","bytes":24576456,"sha256":"5d6bd2acb821b445a3cd1feebed5fee36edfa481c1309c9e049e1e6850e71829"}
FILE_JSON {"path":"transformer/.candle-device-format-v1/f0f36bfcc587e2ef62c331dfb416bc7ca0683bd105f94db6225e2815aa96a3c7.q4_1.safetensors","bytes":24576456,"sha256":"79ee6ba3c11a69aec51585d53ba5534e74eac1fd3364801d47277a571b162ff2"}
FILE_JSON {"path":"transformer/.candle-device-format-v1/f138634f3264e574d1c8c8870ea666194478dd92bdd73990356fc7e3ba34fa43.q4_1.safetensors","bytes":9216456,"sha256":"c4b6abb8d265fb6e0ed328821a4c9336e277a9430caa999cc8ff142e23b6581f"}
FILE_JSON {"path":"transformer/.candle-device-format-v1/f19f54271f98c157c4cf27c4125b6b0ba8f40c32a92ea261761ddf796cb48744.q4_1.safetensors","bytes":9216456,"sha256":"5d4c063dc8cba2c610b9b213f2150c83d270d9dbe2d4186865ca9229f2b0edc6"}
FILE_JSON {"path":"transformer/.candle-device-format-v1/f20a90483b25c69f39f11ae9a334f47bdb37c40a1ee9e024c7cb592340a8e733.q4_1.safetensors","bytes":9216456,"sha256":"29f3f4c65746483a4e3978d285178d82f201663a2bd6b99ec805e5068b5c3d45"}
FILE_JSON {"path":"transformer/.candle-device-format-v1/f2147de5f3ae7e4613bc7f1ff62e294c9591f5c737d4e96ce1e7dec3ee2e337a.q4_1.safetensors","bytes":9216456,"sha256":"ea1919909fddf818004727711210196abec95f56963c4f92af8709d45972332d"}
FILE_JSON {"path":"transformer/.candle-device-format-v1/f36305f88dc2fcbe6c2eeb8201a3005a55f2caa716c92f296dfe4c4e754491f7.q4_1.safetensors","bytes":24576456,"sha256":"9cf45a2f76d7f6da93005a929ea25e0971925ee490c10f0029bc735677c1f517"}
FILE_JSON {"path":"transformer/.candle-device-format-v1/f466e1901b8100780413e6f43b61dec1cb7fa6cf3254f11ddc0825181d999ed9.q4_1.safetensors","bytes":9216456,"sha256":"600fec06343dc13514ff6c193b2608493e52d4453af2c701119e4474d382e82d"}
FILE_JSON {"path":"transformer/.candle-device-format-v1/f4955e947a48c802d7f2a158e66cb58ca4d77e31335f12a270e859363629709e.q4_1.safetensors","bytes":9216456,"sha256":"627f4683eb086fbdab317500bdeb2829c2d3e88278fd01ba2716b3e13542509b"}
FILE_JSON {"path":"transformer/.candle-device-format-v1/f70e9769c842f2df8ca972430095c37b4e47dda48e3f52405bedb49a3d7028f4.q4_1.safetensors","bytes":2458056,"sha256":"85b51f8e3db5c50c663dfa10c977484bd08c221d149b29e5108f436427df1731"}
FILE_JSON {"path":"transformer/.candle-device-format-v1/f891bf7b3e3419d31cf9404077955202de7f43a1ee123a146f20ba2dc37dce23.q4_1.safetensors","bytes":9216456,"sha256":"e39c55d97e3e1f5d50b9ee9fb18dc3bed36e5c153ebb4f9482173d65373ea1cb"}
FILE_JSON {"path":"transformer/.candle-device-format-v1/f9681f2f5993d85e22f55142fad79be565bea229d1e68c74b5e84638632e8f99.q4_1.safetensors","bytes":9216456,"sha256":"9c512c0de3851b2a02b681b41612f16b84ed7a872b8012c0fb43db10689eab84"}
FILE_JSON {"path":"transformer/.candle-device-format-v1/fa0a2921693435c63cbc0dd5076a9e416524e40e72973fc03e121f69ace7ec91.q4_1.safetensors","bytes":9216456,"sha256":"aac8d8d569bd6d65ef26e3a7e70f6b4ad588ca69e26bc7c84522d5ee00e645cd"}
FILE_JSON {"path":"transformer/.candle-device-format-v1/fa47563c673da990419eb00e836ea5a8bbf9e6086cf170bccc4f0b639dfd03de.q4_1.safetensors","bytes":24576456,"sha256":"111830c55bc163ce3e264c5569ca6a7a34f075ed25c627cacb67b73330ad403a"}
FILE_JSON {"path":"transformer/.candle-device-format-v1/fa53abaaf6bf5c520b0696e6e28327b27a8824ecea4c0b5034b4ca744e5ff159.q4_1.safetensors","bytes":2458056,"sha256":"95d26290dac9ab794e580e96edfdfa92ef165a53f5dcdd16f34ee7f9fd44c452"}
FILE_JSON {"path":"transformer/.candle-device-format-v1/fb4630cfba0363bcc59b7a6d36196bcbecf970e1a87af66d59f5127a360e4c1c.q4_1.safetensors","bytes":2458056,"sha256":"58aa35b702a469ea637ada5cc260caa3a08748bf80ebfe5828c03ac23a7e185c"}
FILE_JSON {"path":"transformer/.candle-device-format-v1/fc25efbe0214219f8ae7357ed648ef19d3e735ff5d0349477aa25dd3853d8fec.q4_1.safetensors","bytes":9216456,"sha256":"1d3a4eb4f2b08c7a40508b7d3c17805c5cb525b592aa7c9f6972f1567cc4521c"}
FILE_JSON {"path":"transformer/.candle-device-format-v1/fd67454b35bba4ff80ec5a84a8c0d1b73d62f91006b2113281880f88750dfd17.q4_1.safetensors","bytes":9216456,"sha256":"fa2536ff855b1aee8db4b4b736a0570cb42f59d741fc4bcff341213030cc8d40"}
FILE_JSON {"path":"transformer/.candle-device-format-v1/fe71828e39209f8113bf915107afdf65c11f5182b81fdc2393e4a3a1e4c6fe2d.q4_1.safetensors","bytes":24576456,"sha256":"b243a2d05e59c51a14c814258ae3cc6b80728c4a9ca4b12064f8c372464e4b93"}
FILE_JSON {"path":"transformer/config.json","bytes":562,"sha256":"97e7151de6142335e0f41164e2d7bca70f2d1810ae771367c5d8179298415569"}
FILE_JSON {"path":"transformer/model.safetensors","bytes":3463755257,"sha256":"2687a82a2c82323db2303b24edddbd5b32864c1f7073965c101b9852a076ef08"}
FILE_JSON {"path":"vae/config.json","bytes":880,"sha256":"8522955e35f92c3072974de3b8f337aa57324d6e0f004a2d6bc7a7d7a73c30bf"}
FILE_JSON {"path":"vae/model.safetensors","bytes":164654016,"sha256":"2affe7dc381739e5a9a60f5e3b0b349e0b289ee5171a63df08515ec270fe6a9f"}
CAPTURED_AT 2026-08-02T02:50:22.9973468Z
SCENEWORKS_BASELINE e87abd092f2e83452c0e527d69f85fc4d6465242
INFERENCE_REVISION 65833f24409bce33c418499c2029bee76d842740
