
running 1 test
test measure_z_image_tier has been running for over 60 seconds
sequential_vram_probe-ab088e7162d90042.exe : ZIMAGE_MUTATION tier=q4 policy=transformer kind=lora_vs_plain 
max_rgb8=218 mean_rgb8=9.557635
At line:2 char:848
+ ... $rung.log"; & $exe --ignored --exact measure_z_image_tier --nocapture ...
+                 ~~~~~~~~~~~~~~~~~~~~~~~~~~~~~~~~~~~~~~~~~~~~~~~~~~~~~~~~~
    + CategoryInfo          : NotSpecified: (ZIMAGE_MUTATION...n_rgb8=9.557635:String) [], RemoteException
    + FullyQualifiedErrorId : NativeCommandError
 
ZIMAGE_PHASE tier=q4 policy=transformer repeat=0 phase=text peak_gb=5.506
ZIMAGE_PHASE tier=q4 policy=transformer repeat=0 phase=denoise peak_gb=3.191
ZIMAGE_PHASE tier=q4 policy=transformer repeat=0 phase=decode peak_gb=1.144
ZIMAGE_SEAM tier=q4 policy=transformer x=384 local_delta_ratio=0.785
ZIMAGE_SEAM tier=q4 policy=transformer x=768 local_delta_ratio=0.755
ZIMAGE_VRAM provider=z_image tier=q4 mode=text_to_image policy=transformer gpu=0 1024x1024 steps=1 count=1 cold=true 
repeats=1 | load-peak 0.5 GB | steady 0.5 GB | overall-peak 6.3 GB (baseline 0.0 GB)
ZIMAGE_OUT C:\Users\Michael\AppData\Local\Temp\sc16170-6583-q4-lora-transformer.png
test measure_z_image_tier ... ok

test result: ok. 1 passed; 0 failed; 0 ignored; 0 measured; 0 filtered out; finished in 151.14s


CAPTURED_AT 2026-08-02T02:37:32.7847565Z
SCENEWORKS_BASELINE e87abd092f2e83452c0e527d69f85fc4d6465242
INFERENCE_REVISION 65833f24409bce33c418499c2029bee76d842740
