ARTIFACT_JSON {"role":"base","path":"D:\\models\\sc-16095\\z-image-mlx\\q8","bytes":16762077820,"sha256":"27d1a1d479cd8fd8afb9995a84de0bf615cc08d32b827149b599ecd7b978e530","repository":"SceneWorks/z-image-mlx","resolvedRevision":"c74f74c2ad193294fc9ff3f8a5be71daa00d22ab","variant":"q8","fileCount":254}
FILE_JSON {"path":"model_index.json","bytes":467,"sha256":"1dbd162955866394e55e1964aee83b367aaaf9304e0591bbb9c9e58c4ddfce32"}
FILE_JSON {"path":"README.md","bytes":6015,"sha256":"c81937fd3861492e5f343efd68eff5d1ed412f46ed8ac676a33044970d901ab7"}
FILE_JSON {"path":"scheduler/scheduler_config.json","bytes":173,"sha256":"79bd98cddf1a60d365f3072d713ffad832239f57c837bba0e9da3cff40bfafc5"}
FILE_JSON {"path":"text_encoder/config.json","bytes":786,"sha256":"dabcc06059bb5b6216c6c992297fa4c8f3ed049ec14ef59cfc423796e58e34f3"}
FILE_JSON {"path":"text_encoder/model.safetensors","bytes":4274158845,"sha256":"3de81e880169925e8f049d52fce19f06e986912e08fe79286b7fb5d776540eb2"}
FILE_JSON {"path":"tokenizer/merges.txt","bytes":1671853,"sha256":"8831e4f1a044471340f7c0a83d7bd71306a5b867e95fd870f74d0c5308a904d5"}
FILE_JSON {"path":"tokenizer/tokenizer.json","bytes":11422654,"sha256":"aeb13307a71acd8fe81861d94ad54ab689df773318809eed3cbe794b4492dae4"}
FILE_JSON {"path":"tokenizer/tokenizer_config.json","bytes":9732,"sha256":"d5d09f07b48c3086c508b30d1c9114bd1189145b74e982a265350c923acd8101"}
FILE_JSON {"path":"tokenizer/vocab.json","bytes":2776833,"sha256":"ca10d7e9fb3ed18575dd1e277a2579c16d108e32f27439684afa0e10b1440910"}
FILE_JSON {"path":"transformer/.candle-device-format-v1/.prepare.lock","bytes":0,"sha256":"e3b0c44298fc1c149afbf4c8996fb92427ae41e4649b934ca495991b7852b855"}
FILE_JSON {"path":"transformer/.candle-device-format-v1/0009171037e583ebd2776b9d54eca12fd48e2523f256b26f19b0423d1035fada.q8_0.safetensors","bytes":15667656,"sha256":"2c3f8abfa6e6b3cd547dc2a73e7e97134c783b0ed2c90e2922fc603925e5ffa8"}
FILE_JSON {"path":"transformer/.candle-device-format-v1/032c1ff974e253fca8d9069d860bc715b3cf4d9ff5bf820063efe9dc360b3d84.q8_0.safetensors","bytes":15667656,"sha256":"a8dfc8a75c4a6fdd6bb7156e9845dd839b8c60a629084e7d95a58c3450b58fe3"}
FILE_JSON {"path":"transformer/.candle-device-format-v1/039f4085b58f2724d3fc8b05b637fc24b4a2fa797210176d8a86d0d14fdc6c9a.q8_0.safetensors","bytes":41779656,"sha256":"9433d2da1da778ac97fb0e28eb4e494ef39a7a0620ff10697751ab596c40f5b9"}
FILE_JSON {"path":"transformer/.candle-device-format-v1/03c7339690f79791721349107a424a1d5bae49a010ab028811cad33a70fab624.q8_0.safetensors","bytes":15667664,"sha256":"4c98816b8a0bc7b86fa28fa62c1c5da491aa6eaace760ffa03e404b750fff770"}
FILE_JSON {"path":"transformer/.candle-device-format-v1/05d23d49e7a4e874a7b6e30aa05d0c776732dfe1eec2740c29137761ba6e2bae.q8_0.safetensors","bytes":4178376,"sha256":"361d5ef03128b6768bf5461b502a2987db6af8698a65f9487f45a3ebac119f6c"}
FILE_JSON {"path":"transformer/.candle-device-format-v1/077452e49b10a9a4e88b613b1b72c5f09cc6c3f81913fa055458dbd695daf5e6.q8_0.safetensors","bytes":15667656,"sha256":"a30d56cfc77c1625c61806512a86517949d9d7ecc3f314960327202d08a3948a"}
FILE_JSON {"path":"transformer/.candle-device-format-v1/08109fe48c23d19093be1fe0e61bfe05476c898eddb6494de2145afd3c061780.q8_0.safetensors","bytes":41779656,"sha256":"3f21ae5e183eccac139c13bf21b46096b8e9ef51ffc5bbf70304b20c0f51c566"}
FILE_JSON {"path":"transformer/.candle-device-format-v1/082d7cf728cdbfd318ba446f4f6c12b1ecf31c8eaf4ea8acdf2bfced73b3b2a5.q8_0.safetensors","bytes":15667664,"sha256":"6eaf8c3f2a80329e45e554ed673c9c294caa0b4e149e3c81427361ae79568616"}
FILE_JSON {"path":"transformer/.candle-device-format-v1/08b1c37ebd80c66e05fcf9ef06d0184af29123b1b302384097414bead75949e8.q8_0.safetensors","bytes":15667656,"sha256":"773ec952c004a3b3a7875e516c75016cdb688f97bea1cc550071a2b4ae77af3a"}
FILE_JSON {"path":"transformer/.candle-device-format-v1/08d00e2636af773fb4fabb0217bacf9b6b56e893b791d22d4a329e234647b86f.q8_0.safetensors","bytes":15667656,"sha256":"c5872979d544f7e451a799034cbb01aadb74cd7dc028f06687ee0327f387542a"}
FILE_JSON {"path":"transformer/.candle-device-format-v1/09c5c0ca5d898a6f6f4bcb9fbc49e1a0473c8e5c3d7666329644420d0ee774ac.q8_0.safetensors","bytes":41779656,"sha256":"2764ae800890c3108cff40d81df3b89dd3bb2820e991b6b469d1d7de33eb66ec"}
FILE_JSON {"path":"transformer/.candle-device-format-v1/09deadd648a5dcc3a606d3539611256ff8fa2fd2f2cad25563e5b5fc1388e7a9.q8_0.safetensors","bytes":15667656,"sha256":"8fc0171797b85e9845114c6faf5f7973989ae2cb28a4b6f9128fe073c33b7710"}
FILE_JSON {"path":"transformer/.candle-device-format-v1/0a9e36ab0dead49f9a310b15376096cdbe6f5e68f9f8392e11fcdd18b19d2efa.q8_0.safetensors","bytes":41779656,"sha256":"82c31a1ebef9b7cc7b3359e1379f214e68ee16e52994da58402201b2552d8a68"}
FILE_JSON {"path":"transformer/.candle-device-format-v1/0b035ea72aa60ada4ac270852ded07dfe7874287f8beedd856920a7811772329.q8_0.safetensors","bytes":41779656,"sha256":"72ce06a8527f84806e96402a839e31e2047767f1f956c3a10dd43e2afe379820"}
FILE_JSON {"path":"transformer/.candle-device-format-v1/0cb274ffa68b9e7668f5fb061c50da855f0e77cc569f95a8ab260b9c96874bc0.q8_0.safetensors","bytes":41779656,"sha256":"6ae51155eb28ada89370d1460e69215b76b3d5b8d2131c6e5966e5186ef620ae"}
FILE_JSON {"path":"transformer/.candle-device-format-v1/0cc82d57daec672a827d5e67700d75fee6022ff328ebdd57b71b77c3b906aa51.q8_0.safetensors","bytes":15667656,"sha256":"442d9ddd1fcbbaa01e15c9df34932d643a91010c9ca5f689bc20f85f7e931e7e"}
FILE_JSON {"path":"transformer/.candle-device-format-v1/0d5685b100a531a26467d5a75bb3c83b35a8c194776fda6612083400bb2a78e3.q8_0.safetensors","bytes":41779656,"sha256":"ae340634d1de743f5983f51e3a1a1202c2806a9c5bf2501a906fe818950c033d"}
FILE_JSON {"path":"transformer/.candle-device-format-v1/0e7ff3505586b53f24f4a6456f50308304ec25301d2aba5184175b6f3c7c6aeb.q8_0.safetensors","bytes":15667656,"sha256":"6f04780b1b85c35eabe5a5d10bbaae239363770f5601af45c4300b58659af5e2"}
FILE_JSON {"path":"transformer/.candle-device-format-v1/0eab01bd419f28ad6acdbe21f313155f7ab623b1b34da23d1454837541fc0928.q8_0.safetensors","bytes":41779656,"sha256":"4acf67c24b4580f2dd64c6a3998ba244e78397b78ccdc53203f5f92691393af2"}
FILE_JSON {"path":"transformer/.candle-device-format-v1/0f59f2b6029219023d404c16973f33111ebd809c40b406c13fadd1c1a619df1c.q8_0.safetensors","bytes":41779656,"sha256":"3b69ac5050fa7ef541c9491d7cb3af09842d0be1ac829cb22741a24abc2ef503"}
FILE_JSON {"path":"transformer/.candle-device-format-v1/10545a60c84de0af0bce3c941ae3a9181a863e48bb6633c8e22608b5fdcc992f.q8_0.safetensors","bytes":15667656,"sha256":"66589994da56aefb6654a18facc31d5f3ad9f912fb1d7249390189d2ae2e7439"}
FILE_JSON {"path":"transformer/.candle-device-format-v1/10697f5231a24d4f60447aab53b3d6533e446e30f0f0455e64fca25dcfc0b5be.q8_0.safetensors","bytes":41779656,"sha256":"7ce351b15a35281fca4290184096de050d8579c48aa64f716c81be78c65cf001"}
FILE_JSON {"path":"transformer/.candle-device-format-v1/13188b6fa4737842e80991f93fff6b955994d5942eca7f2085530894a8e053a5.q8_0.safetensors","bytes":41779656,"sha256":"f21aa85632ea41222974527729fe80911494306fd036dbc8bad07c7d39342a02"}
FILE_JSON {"path":"transformer/.candle-device-format-v1/134a4e29db13e59f0315dd5a7192d99ddbb96b3486c6809baaaaebe3a4fc90d2.q8_0.safetensors","bytes":41779656,"sha256":"6cda7294affd25ac269dfac00d04be2229a7cee8f467dcbe7a74aefad8dd262c"}
FILE_JSON {"path":"transformer/.candle-device-format-v1/16ba2e42c2d564d70819d3ce378f6c26dd040b14ed6cdf8c2e6edf6c532541cb.q8_0.safetensors","bytes":15667656,"sha256":"13fb47a2c75a953738b802df3f4479441b9fc37b6ac7d3186daaa61effb64c65"}
FILE_JSON {"path":"transformer/.candle-device-format-v1/17ef4b0485b9199878c92bc59cb327ebdb50b240665b41500019f0f09cbf9362.q8_0.safetensors","bytes":4178376,"sha256":"1b9abd859f572714b25599e88655819b5b7f8cd69e284389782e1554ec61f4f7"}
FILE_JSON {"path":"transformer/.candle-device-format-v1/19216c34b59f4e98d3953562e59cb8a35fde980200e7951f5464a56f47b826f0.q8_0.safetensors","bytes":15667656,"sha256":"d2e7f54a891787ea97cc6de5a2a549e39f1532acb0281f1006705961334291ce"}
FILE_JSON {"path":"transformer/.candle-device-format-v1/1938dc7779482dd1fe37417affbaab307ec70dba963c75e9bca0e5a83fb1f5a5.q8_0.safetensors","bytes":4178376,"sha256":"90b025f27f6b3168ae9f6740a1b8fa9826e0b0a936c875760412d2074dcd00ba"}
FILE_JSON {"path":"transformer/.candle-device-format-v1/19a8d6c298bcead3e5a675f100c418a01c56e44953f726f76b13e8a74f9c3f67.q8_0.safetensors","bytes":15667664,"sha256":"e393f65783a2ecb2e6717bab8d86474eabc6b62b10dc82462301f4cfcff1de3d"}
FILE_JSON {"path":"transformer/.candle-device-format-v1/19adad4d72e15dc3231ef54ca9212d8e8f64de02a4a6aa358f43bed00d2f9762.q8_0.safetensors","bytes":41779656,"sha256":"96ed40f0e8d6f33d9841b180a9a79e2176e666a1f762bffb2e0547dfd290a482"}
FILE_JSON {"path":"transformer/.candle-device-format-v1/1a7e69f2426d0abed3f174a76e3a100a3a6e5e8a3c522c2e1e440db6897fcf6d.q8_0.safetensors","bytes":41779656,"sha256":"1b95513d36b40845eed8e284471357d4a2a7abe3c030a409990825dd38b3c6fa"}
FILE_JSON {"path":"transformer/.candle-device-format-v1/1b242a2f8020aa85a8ad91e5010e7b5a8220e8838e9d5944aa5d4bfeb82853ae.q8_0.safetensors","bytes":15667656,"sha256":"52faf0ffdde95654bffc427959df8e627dfcc82f23a46f30e2558793fa96513f"}
FILE_JSON {"path":"transformer/.candle-device-format-v1/1bc68b8af63c73745fe3e002fb76a8fb873a65e8b292d72c01d70cc0a61a5278.q8_0.safetensors","bytes":15667664,"sha256":"62bcfe4d7d7c9bf5ef13a52f847837deee528bdf3f41b7262ebd603ec81b691c"}
FILE_JSON {"path":"transformer/.candle-device-format-v1/1c9a515fb31056a650d9bc606e402f33bebadfe91c8bd51f2d271271565b7628.q8_0.safetensors","bytes":15667656,"sha256":"1f030d27b58614a5c4a27600a9267216c7417011cbaa374c65894ea9837a850c"}
FILE_JSON {"path":"transformer/.candle-device-format-v1/1ca14e510bf28e6d4bad743de8be5e11679e53edcdecb8aa690b4c13c1945ce8.q8_0.safetensors","bytes":15667656,"sha256":"c219c6c7c79dabce23c19a0532723bc4b361b00f79b4394ec25d74edf13a92f8"}
FILE_JSON {"path":"transformer/.candle-device-format-v1/1d8d42861cc3767027a9c650de5a34bbdf1ed8274dd520be90011be5607743b6.q8_0.safetensors","bytes":15667656,"sha256":"0725ee84155487b3ac35ccf2805a851eada26e366637261e7f317f8e3a33bbe5"}
FILE_JSON {"path":"transformer/.candle-device-format-v1/1e79b3e015040b87a524f7272a98d60716d67b481b4c3652fde61b6295f72dd4.q8_0.safetensors","bytes":15667656,"sha256":"cf166afee0a15797811a98b2274a8f775c6481da73152c7e07b80a1eb4663f55"}
FILE_JSON {"path":"transformer/.candle-device-format-v1/1ea67ab895e6f7ffa5e04ef93cc51d572fd8c7ff98690c30c8116288d0f34fd1.q8_0.safetensors","bytes":15667664,"sha256":"05cb5c2031848a519d3fc320a9b3a86a7a5ab469ea8804d80752f2af09ffcc33"}
FILE_JSON {"path":"transformer/.candle-device-format-v1/1f12bcf055573bfbfae4046c56476af76a8336fa0a2a143781b2cafc066b166d.q8_0.safetensors","bytes":41779656,"sha256":"5a9939e9c8119e1a3f4e5acde77ab720895797f20ae40d1024166ab349552393"}
FILE_JSON {"path":"transformer/.candle-device-format-v1/1f5f741d714677b2ae0185a6ad14766b484f377df2f6bc5ca48d911b1931e76d.q8_0.safetensors","bytes":41779656,"sha256":"c7b2d67d61c50793a73cf38111cf239ecf54fb6d79a53efadd4e041a061ead62"}
FILE_JSON {"path":"transformer/.candle-device-format-v1/1f7fdfc10df34b8a2fe6152fae2a008ed91c1eabffe6424bfb77a905a01b04ba.q8_0.safetensors","bytes":41779656,"sha256":"eb86e52eb5faabbd5aa99973e62c95a098af8da71ab165429e3fd1e43e39f01e"}
FILE_JSON {"path":"transformer/.candle-device-format-v1/1fcf0f04051f002d8e618b5975726b153e244a2ddb55eab5b0180c5246c7d44e.q8_0.safetensors","bytes":15667664,"sha256":"6af1d66e0ab34ef36b3717464f6cc5b852079f700ac56bbcafa42f71b599dfca"}
FILE_JSON {"path":"transformer/.candle-device-format-v1/2248d35ebcc7251cdf74ff3d048f058ec752c37dc813bcb5597939019f9401ba.q8_0.safetensors","bytes":41779656,"sha256":"4d158634f3b3e41f7ca9311607689c80b326c7932379a0ccb14504d29bd0fbc2"}
FILE_JSON {"path":"transformer/.candle-device-format-v1/2265cb269de26927a7829b62277c1442ef89851397e22fcd6e5ef9c5ad46bc39.q8_0.safetensors","bytes":15667656,"sha256":"dfda502dbce4ed40a95b60224aaf0470eb9426efb1896f2884b0870ccf6e0041"}
FILE_JSON {"path":"transformer/.candle-device-format-v1/24bf9b8381db79d3f9b11359a6170f26200b36873a23239137b28c5b2e51aa62.q8_0.safetensors","bytes":15667656,"sha256":"978ee553ddcf1155a46cdf32dde2d2c48a268c0cdde8fed91329421f47279655"}
FILE_JSON {"path":"transformer/.candle-device-format-v1/24ccf764b373b6475566d8f6d3f95fa6f868953ebe04a8d633a1d6cf427d14f4.q8_0.safetensors","bytes":15667656,"sha256":"9c67b0a5e75f7c4a95074587f5a8847f63ae50730329bf4bfa7b060b187a3d24"}
FILE_JSON {"path":"transformer/.candle-device-format-v1/266f97f0e246ceef026bd82c33446a7e30f53093bd92a4acd0382fc5ff2ee1db.q8_0.safetensors","bytes":15667656,"sha256":"5e3bfbd81f4df42d3bd115213275cdc9dd9307e7b2c0111cdd90d2126145c775"}
FILE_JSON {"path":"transformer/.candle-device-format-v1/27638f86603cdf1ddad4e3af57335746276e13e067afa3b0fafc529ea5063058.q8_0.safetensors","bytes":4178376,"sha256":"15ede62187d3bd97a832dcd991dd898053b92ecf7857993de83864919fbaf3bd"}
FILE_JSON {"path":"transformer/.candle-device-format-v1/29bfa8fcc6efb7864b1ff9fe58f04043f58190cb1a9f3fe04e4eb38536300052.q8_0.safetensors","bytes":15667656,"sha256":"39c1f32a6c207a9fb675cc9632a1381446ba862f8c5f72603ee47a35017f90e9"}
FILE_JSON {"path":"transformer/.candle-device-format-v1/2a6b02a7eb5f1cd6c385fc640243d8c14439fa831b76474e567af738a9c52d01.q8_0.safetensors","bytes":15667656,"sha256":"377c663148dd28596e26032fa980b5f3b47cdc447f53ea38798beff62e8a4c1a"}
FILE_JSON {"path":"transformer/.candle-device-format-v1/2a7fb197acfc094465065a8914b99e5bbc092ba017226cd5825153379c1010cd.q8_0.safetensors","bytes":15667656,"sha256":"d2c135dcba00c07aa3ba2ea3382f08ee3037edbc3a13e43b82832b68c20ee60d"}
FILE_JSON {"path":"transformer/.candle-device-format-v1/2b7c1399a413e74d679802d646febb3f996f77c257dc0c44877d7b19ca87eba2.q8_0.safetensors","bytes":15667664,"sha256":"39edb4501a9551d6779fae90a7af46e838d9c72c655e5e70013a50fcfcf765db"}
FILE_JSON {"path":"transformer/.candle-device-format-v1/2eac404b0b0210c7c02a2b869c7a950da172fe30840beddd2e8e43aaf2ce115e.q8_0.safetensors","bytes":15667656,"sha256":"03068d5278f52b4b9234459768b19e610400bda9d8b68b9b535cfbeb5abb99ce"}
FILE_JSON {"path":"transformer/.candle-device-format-v1/2eb91a4bca6b7b5605904c91677e4a6fa117b3735d280853c512b1903184b86f.q8_0.safetensors","bytes":41779656,"sha256":"32ec0e60e12564669df4fa6d6c7e4125c85e8c4345fc846e5192413b9e4bd27d"}
FILE_JSON {"path":"transformer/.candle-device-format-v1/2fdc1318c4c78977afafda5afb2343b62b5805eac56f7f149af36ea47d9c5720.q8_0.safetensors","bytes":41779656,"sha256":"5fbdfe8c179cde04074d5a5ed7cef9b4ec0ef9eeca41d424ddffc7e2df62e676"}
FILE_JSON {"path":"transformer/.candle-device-format-v1/33f47c6d08c46cc29a08fcac1fd27cd6565cafb1e40fafc5f28c3e4aab624a7b.q8_0.safetensors","bytes":41779656,"sha256":"6a74f6e7eea3e9ea80a7760637f8b2a2f772f8e07d36460e7224992ee2cbb467"}
FILE_JSON {"path":"transformer/.candle-device-format-v1/38fe4ae83aa3f076bf2cfd3ca77c7314aacb8ef34caf56bfe629e5fc360fecb1.q8_0.safetensors","bytes":15667656,"sha256":"1a344c6081e2a0224f74a056ff7da5df83dbbbae1332ecaead1e3aab1c8b41c6"}
FILE_JSON {"path":"transformer/.candle-device-format-v1/3abd5b4139e8634292d5dc70390fc222ee0f233bc13298a25dd40d4a52fbb8fe.q8_0.safetensors","bytes":4178376,"sha256":"addfe43ea0264cbfbfd44625576fa2211f458b8d4f6fd28e07b512e95a62d9f4"}
FILE_JSON {"path":"transformer/.candle-device-format-v1/3dc9266e5aad86edc2629d268a671f02337fee555ca7f65a9ba0c54558f4dad5.q8_0.safetensors","bytes":41779656,"sha256":"46d7115638b760b8996536146a3fefa9e06d2181225abea507802d64de451759"}
FILE_JSON {"path":"transformer/.candle-device-format-v1/3e01e3350375e6dc373928bfe9afaa1dd95604294975676d292b6286eb8938dd.q8_0.safetensors","bytes":15667656,"sha256":"f21394faea5278db7954ba0581f6854680fd27dc20b14f29e11f57afceeefc63"}
FILE_JSON {"path":"transformer/.candle-device-format-v1/3e59c5ed5e8e03c807ee8179f9957e93c27d4c028d067d76cd8946c17a094a35.q8_0.safetensors","bytes":15667656,"sha256":"0550a7071718f553ba6d369447303e33566f2a2eb2b30bd25f8220913ac47862"}
FILE_JSON {"path":"transformer/.candle-device-format-v1/3efaab2f36a57f7fb2e7a1797553982528f07a9c69a8f20e3a4197afdb47ac15.q8_0.safetensors","bytes":15667656,"sha256":"0128474803cce42a4d85187e945d7b4c4b6b1c97ce5932042f60a72ffe9846bb"}
FILE_JSON {"path":"transformer/.candle-device-format-v1/3f59389e7c6df0d770a9dd209e4093102bc82506b72222172e14695312a2b981.q8_0.safetensors","bytes":41779656,"sha256":"c47be5050375cc03bc7dad9004309bb470d8e6be8cfa3a284b39f3e4fd2a7e8d"}
FILE_JSON {"path":"transformer/.candle-device-format-v1/3f8756c695646bf94095decd241c1c3962a289f45a33e7d61333d8671bdb9cf1.q8_0.safetensors","bytes":41779656,"sha256":"3992371c41199ac06074eac327be683f1fa1ebd54acbd916d6a0b25b901b1bbf"}
FILE_JSON {"path":"transformer/.candle-device-format-v1/407348a7a9d0ffe4b9499db74f5236ed2b47eec1d32cc918587e5b94ccf9b9de.q8_0.safetensors","bytes":41779656,"sha256":"76c22130f902b56457a589528335c8db2b5341c8bd2649750c10310b517b5785"}
FILE_JSON {"path":"transformer/.candle-device-format-v1/40de276bc8ed62c007e4daa22532344a477ab3f0531b927c7270d1b1a2f3862b.q8_0.safetensors","bytes":41779656,"sha256":"0f2da594f5d08ac9bca9c2a06c674a3993cf47be4422111a748ad7e887098dd8"}
FILE_JSON {"path":"transformer/.candle-device-format-v1/41d9562c9b8f77f4f4f3d14ee1dc89b43e0132d20073c6911e40298c7dd1e35f.q8_0.safetensors","bytes":41779656,"sha256":"f2934a91eca464c430e309c75278e90b5c4fa09f76814e7a0a856b23c9e834b1"}
FILE_JSON {"path":"transformer/.candle-device-format-v1/430d4ce343abf1ab1a3f262dda21774c437102f6eb76816a809d419c38c8c5b6.q8_0.safetensors","bytes":15667656,"sha256":"3e82e2df79b1746a45e9ab4e6db271cad328f619d28bb0a4beadfbceb2851490"}
FILE_JSON {"path":"transformer/.candle-device-format-v1/43d2056f84267281a54ed1cfb1d14ed3ab9782d84e86d0aecc2d5eba31fffb03.q8_0.safetensors","bytes":41779656,"sha256":"c68affe8b1a677224e16134772db8e3b697b2d850da31aff66d5b66d5d6afaa0"}
FILE_JSON {"path":"transformer/.candle-device-format-v1/440123b97eb44eb10d653be02e3b2ac9429cea8ec2c05c5ada7e031258fe2755.q8_0.safetensors","bytes":4178376,"sha256":"3ca345a8232edfdd5c78703d2267082370c210869e7ec8a240c5424ea34694cb"}
FILE_JSON {"path":"transformer/.candle-device-format-v1/459877c8af85616a9cba486cc35d80ffc81db1fbea4beb165d8f5a1aef6b3b1a.q8_0.safetensors","bytes":15667656,"sha256":"b222d0342073d924e6428a130b1c78338c628220876c5af7b2c9d4d15bb3f03b"}
FILE_JSON {"path":"transformer/.candle-device-format-v1/47ed889cacd2220f05116e5e968870e0bc98d5429f1b434c794f742b8b8da7aa.q8_0.safetensors","bytes":15667664,"sha256":"2d3d3f140c22142b0b94cd3cb8929d6e420c232f3fb46d701fff21e51a4636b3"}
FILE_JSON {"path":"transformer/.candle-device-format-v1/480439d8677696653f08b7c9a2e019a5a23acf5616a129f4d4411d3900a689c3.q8_0.safetensors","bytes":41779656,"sha256":"3a2574383cd12f5dac0fd57bc7e7d2d1ae88ff0cafa65f5a9088ce763e57450a"}
FILE_JSON {"path":"transformer/.candle-device-format-v1/480a1a9b5b9aa5caae2042267869c0a3293d45a4a5cd6c9fbd37c0536720fdd2.q8_0.safetensors","bytes":15667656,"sha256":"0d7b77e200df203eaf532bd95d2633688fe28a259906b39904e7babfdc147f47"}
FILE_JSON {"path":"transformer/.candle-device-format-v1/4c13a5967ceea7ebeaecedfcd2688ff1ea0493e72a539681ae7df82fc8deae12.q8_0.safetensors","bytes":41779656,"sha256":"988a2f3b480d1353d595a5c6dd9511e3f9521b4ebb79dd51b0cf6a14c4dd9a20"}
FILE_JSON {"path":"transformer/.candle-device-format-v1/4c4698267921eb4f70c447c02e02bc25af89dc78cf38525a0e93a22aab9a7ab1.q8_0.safetensors","bytes":41779656,"sha256":"3bc53439fd2c17bf9a2452f38adead7ab654c32310cd843bfd2d4e729c1b1264"}
FILE_JSON {"path":"transformer/.candle-device-format-v1/4c4f25e2e774270fb413536738ab7c7ea518b2009f73f7a97a037a6fe4d1a0b8.q8_0.safetensors","bytes":41779656,"sha256":"d90d2ed27819c634122dcf941182951d0b8dddf7c8d22a8f830ac6c233706089"}
FILE_JSON {"path":"transformer/.candle-device-format-v1/4ec38f91f0fb7eae2c621410386f3ab42380ee3bb21a2a729d37f25411ddc825.q8_0.safetensors","bytes":41779656,"sha256":"34b2da58e528e29f6eb0352347edc11fdd386b7b9ee9f78e874c8e6697f34155"}
FILE_JSON {"path":"transformer/.candle-device-format-v1/5163eaab24494b2feb43e1747727e076946384fda3751a6f44137ed07393634b.q8_0.safetensors","bytes":41779656,"sha256":"101178d8c0f60cbd3d414462b4447de7e5aee3c46acb753493c289a9ad37fb52"}
FILE_JSON {"path":"transformer/.candle-device-format-v1/51b5fa43f54e0e9658d62aad5c45dc0e2242d8e58c47b5a2a23ad27dea076d41.q8_0.safetensors","bytes":15667656,"sha256":"1246fed442f0daccb8354d02c493686586f0c578b01cdd95f8f0955f41993174"}
FILE_JSON {"path":"transformer/.candle-device-format-v1/53423e22fd1736ef9421523f0cac9a75898ceec924f10945e0909de72b61c1b1.q8_0.safetensors","bytes":15667664,"sha256":"a4ee6f77956617171fd14b075f817adbaaf00fa6e82e7ac78e07c4452c33b7ed"}
FILE_JSON {"path":"transformer/.candle-device-format-v1/550266402436d42e3c26c8d702cdc2c24264765c65333f8a4766475a26646491.q8_0.safetensors","bytes":15667656,"sha256":"0e00ac8da3b7ef05a1d9bb206c24cfee07e2da6638ed58c3baf9a1b88e308f0c"}
FILE_JSON {"path":"transformer/.candle-device-format-v1/5512e7ed4bbf49f43e0d520199f9a4b8a4927af34a556803402e2f208b42957b.q8_0.safetensors","bytes":15667656,"sha256":"8bd1b8cabe95c3ca8a77399887cfc97e3c61b04a2ed487e3bd7559d16862f500"}
FILE_JSON {"path":"transformer/.candle-device-format-v1/55cf303b3bb246d39e4a09ad2efbf8e230c634573d3d0d45eda3781b1712fcdc.q8_0.safetensors","bytes":41779656,"sha256":"ba34cce1384a33ee557a217183588e73f983dfb0086a1e154fe8c10557a5d985"}
FILE_JSON {"path":"transformer/.candle-device-format-v1/55f2a24e80553ae924f08b4e6a4868df177292d5314097c02a184c6985fefbbc.q8_0.safetensors","bytes":15667656,"sha256":"3c4e921ed99a314957172ab406940b20dbb01876bb5c92729086c3c735f279a2"}
FILE_JSON {"path":"transformer/.candle-device-format-v1/5649c0ce8715b052dd142b8c0e679bd82aaa833993204fb3a78c1d1c6baf8282.q8_0.safetensors","bytes":41779656,"sha256":"4f6ad50f67507d644d7fe6ff97db2b060939620e4993c4557e484795f202abdd"}
FILE_JSON {"path":"transformer/.candle-device-format-v1/576ae7205c4b6670044095430b11fad779a85d2ea7936a3b643de02250a84da4.q8_0.safetensors","bytes":41779656,"sha256":"530374907273da8e067876b9202152f2bf745bc0feb30a3e82d11181e28df536"}
FILE_JSON {"path":"transformer/.candle-device-format-v1/57b5a19c5040d11a4a1abe5dd7ddbab2f951ca58a19070857dbf8637f710489c.q8_0.safetensors","bytes":41779656,"sha256":"047dd7839ed0e6b07100b8753ef036add9bebef8edc394144e6170b34db3431c"}
FILE_JSON {"path":"transformer/.candle-device-format-v1/57e5b78f7c3f5ca95843556e781ce9e923e291a5b0ddc355076262a9f04e721c.q8_0.safetensors","bytes":4178376,"sha256":"72977cf7ed9b1fa0ab5976135fc0f1a33415ad1d8edc2ffca42c5baa8b7bca42"}
FILE_JSON {"path":"transformer/.candle-device-format-v1/5c8eebe8403486b411d0eac97e70e060afeb9761be7e3ae8b388a88ab7348e25.q8_0.safetensors","bytes":4178376,"sha256":"b33edcfc1b0a2f25f6f4ac01978c2e52fa44935dc36e7c0ab684b4ecf665da7b"}
FILE_JSON {"path":"transformer/.candle-device-format-v1/5cb478f0b8a501e99eb00c9169f9916b13ac8a6252da3ec943901270d03a08c5.q8_0.safetensors","bytes":15667664,"sha256":"7d0dbd5638ba91edd91ff8dc87867ae2bc424736c75d2804b64ea422987350ce"}
FILE_JSON {"path":"transformer/.candle-device-format-v1/5f818db2e6bade47f1c496038b9b5c7953e2d7020572327b355e75ffcac53081.q8_0.safetensors","bytes":41779656,"sha256":"f04100018804d926038aa4a9f23768d1ea67665d8b646e990e387b326d3184cd"}
FILE_JSON {"path":"transformer/.candle-device-format-v1/60b2f18ce9c3e5f3fd6c8fc57daad0e35f9a00dea7ceb286f2f36e091266509c.q8_0.safetensors","bytes":41779656,"sha256":"5117ac7a2903d8c97149d965c652822c4e1cec822c5c5a4b82963c43b1deb77e"}
FILE_JSON {"path":"transformer/.candle-device-format-v1/60eed6077ab9f2ee8aed79661f8b75fa681ae1f07a0a5b143b2e96a7eed623a5.q8_0.safetensors","bytes":4178376,"sha256":"476ad4ed6eb61afd2d3d6ad36dc8066c8961c23f553bd14011bc6d8642677835"}
FILE_JSON {"path":"transformer/.candle-device-format-v1/61805d92ba52062897239ab434cde3aeec7b45ceb3d1c40e178cd604934ed2e4.q8_0.safetensors","bytes":15667656,"sha256":"ba9c17a71a4f410910932256ff0fced5e5a911e6f5b690452de9b65e381b0873"}
FILE_JSON {"path":"transformer/.candle-device-format-v1/63eb57eea004a722a0891fee4233067a26f62771773e3f808459fa4fc1793c73.q8_0.safetensors","bytes":4178376,"sha256":"4ad28cf8c484f9d3cb40238c68d10ab5cda543ac462eec0e18ce9ad4cb0cb20e"}
FILE_JSON {"path":"transformer/.candle-device-format-v1/65ae27d9c853683e25ffe81c410226f40b4e5b0b4713d8759ad5ae156e480117.q8_0.safetensors","bytes":4178376,"sha256":"22af99d5ee987a151ae2deb86ad05682560b706ea09a83a0d364f8193c70641b"}
FILE_JSON {"path":"transformer/.candle-device-format-v1/65c7d234d13ed26e40378e18d3764eb2cc67e029c3b6f0dbf9712c2bf53082a1.q8_0.safetensors","bytes":15667664,"sha256":"1141148aa7368aad39160109849b1b8874a1e1b0752e550f600298716adf29bb"}
FILE_JSON {"path":"transformer/.candle-device-format-v1/65eaba0bc9ad21cf8a468c489d90fc6bdf489a6dde4063dc223354ca4d51abe9.q8_0.safetensors","bytes":41779656,"sha256":"b233d4a47a30ac62013577d0111701fc69d5f250fb1f2ab2d69a6baa375e23ce"}
FILE_JSON {"path":"transformer/.candle-device-format-v1/66a50fc506bf70afc8f21634d23ba301e8430c0decc941fa58743e0de306b8b9.q8_0.safetensors","bytes":15667664,"sha256":"b0823876892c806eb24c58b5814f3515fb9679a67b1ed8cc52028bb5f5e9d502"}
FILE_JSON {"path":"transformer/.candle-device-format-v1/66e2b9f590350b002af507e1d9b025cd7aed07073f7e20e6ba5ea2195b480f49.q8_0.safetensors","bytes":15667656,"sha256":"6764a3f31ed791a1eedb0df23f85dddbf625af676a75ce7ca71b7c596e9c515e"}
FILE_JSON {"path":"transformer/.candle-device-format-v1/67d1be2739dade219e3cc6617b89ae54610e0afed40629588756b533602be7a9.q8_0.safetensors","bytes":41779656,"sha256":"234c3ef36578fe2b22dea8daeb615dfa3a6fbbd126241c7d200dc252f4df703f"}
FILE_JSON {"path":"transformer/.candle-device-format-v1/6ade31f1284095776d0306d32e4335314d0c6ab475cd912dd45f715cb89acb81.q8_0.safetensors","bytes":4178376,"sha256":"04c7d7ae7598d1a8ad3d6768c665e72b1b6e017106bf8cecc6b0f1e39bd77111"}
FILE_JSON {"path":"transformer/.candle-device-format-v1/6b5ad702563fb0efce23f00e8984288faa6993f3de02a33a4bd36ac23c50b06f.q8_0.safetensors","bytes":15667656,"sha256":"e56155f3ced258d81da71d6ffd78a9284a04e2daf5caf0be46acdd1b2bd9fac7"}
FILE_JSON {"path":"transformer/.candle-device-format-v1/6be74fba2480ea8b55b626fd315e23e57e21cce9b95993ddf42da9891beacda7.q8_0.safetensors","bytes":41779656,"sha256":"6c7bde97a1f6e1891bee147388388a460b3488a01ce6676db4478f19ddf4a71a"}
FILE_JSON {"path":"transformer/.candle-device-format-v1/6cd23f921f155d82a872ada1ff1eddeeb84b6a4132c99e133ce9862250acca47.q8_0.safetensors","bytes":15667656,"sha256":"ce229fac133dfa3b6b6f7d9e1c52f69c4d8882cb9c5004c1002840a8eb7683d4"}
FILE_JSON {"path":"transformer/.candle-device-format-v1/6cefe307503f15b0503dd89e15749c29d2f169078645279775e755c4be9518ba.q8_0.safetensors","bytes":15667664,"sha256":"4541e4104a2d1b882184d3a7c864bbe3ab32b4ac75186af8827ed2ba25738ae2"}
FILE_JSON {"path":"transformer/.candle-device-format-v1/6e4fd38b437a6162c9660936b9a4a9ec8ae48ec8e77ee16e784edc76b175df44.q8_0.safetensors","bytes":41779656,"sha256":"1ea9f5691b4e1fb6bed088e5ac5ef0def3a194184d48bb60c3c335148824809b"}
FILE_JSON {"path":"transformer/.candle-device-format-v1/749aa094b9663f7581a78328a3ea154e3539f46fa82a5fa623abd86ff4dfcb4e.q8_0.safetensors","bytes":15667656,"sha256":"aaf9baf00fafa362af20ceb333c26c203f483c6535798aec1eb75f2d53f631de"}
FILE_JSON {"path":"transformer/.candle-device-format-v1/74d1b6ab5e2678f458299c0410d950c04209cd72032d9097305ff788a89d3047.q8_0.safetensors","bytes":41779656,"sha256":"06ddd2ae11966a383bf96de2391a5e7b97ccba2c1aa4cfea5af2d53a02eb494e"}
FILE_JSON {"path":"transformer/.candle-device-format-v1/7565b86fc21f56efaf206fea1ced73f832e227b4f874a65da62cbf5f866f66bf.q8_0.safetensors","bytes":4178376,"sha256":"28f4088859bcaf2260e12edd4048df53f729032f60443396f7cc7b92c237b9b9"}
FILE_JSON {"path":"transformer/.candle-device-format-v1/77ba121be4670a7331c6580ba115472d714d0b52ac2d919c66a76ab3a3d88e1e.q8_0.safetensors","bytes":41779656,"sha256":"7e2c3a5e07340ccfb496d3c4ea49c7408331783ccd54689888098060ed634913"}
FILE_JSON {"path":"transformer/.candle-device-format-v1/7815fa5feb6ce98385b3083e39e0c8015df2448df87330b327cb15ff7152a49e.q8_0.safetensors","bytes":15667656,"sha256":"8acd6c6a84ee84a7ec55494d7a778e5f9f5194881f6d8ff50378a471565a5633"}
FILE_JSON {"path":"transformer/.candle-device-format-v1/78b2b7fe1ab42c65ad00354d1583268a7f199ec6c9fa539ef4c4a5db3996d7d0.q8_0.safetensors","bytes":41779656,"sha256":"075ed05ec49021d5f5d46f64b1b89c8a10ad0d34b18595eec15af235d88f5ad0"}
FILE_JSON {"path":"transformer/.candle-device-format-v1/79915d586525a666477ad171c82fb3df8d11a0cc90bbc2f48fad669f40b54b58.q8_0.safetensors","bytes":15667656,"sha256":"06a9a10cb6676e845c62d15eea372376e17f3d9ab7462640ce61c89c9aa5f30c"}
FILE_JSON {"path":"transformer/.candle-device-format-v1/7b4af531b3f8d09d025a0963ac1461fe5c0c38291003d5b3444addb7511c8dc3.q8_0.safetensors","bytes":15667656,"sha256":"350d36090e30e593a5cffe8fae6c6d885269c14d2e29ffe452fd5d84834fa133"}
FILE_JSON {"path":"transformer/.candle-device-format-v1/7ba13b95e5049e475723f9513c7191fce461b240e9976609f6c4e555b4dda4ac.q8_0.safetensors","bytes":41779656,"sha256":"1a3aad42d220f5aa5c5cd7d0fa6cc7ea52a2ce9d0d99ae8b36f9bf2ce479afcc"}
FILE_JSON {"path":"transformer/.candle-device-format-v1/81769f06d4f0fc55fb2e8572544edacb95c352f4f1da181ed653f131127baae2.q8_0.safetensors","bytes":15667656,"sha256":"21d90c846e6fdfcab1a6cce54a3ac0949601cf649d7f2d4458ee26003e918a2e"}
FILE_JSON {"path":"transformer/.candle-device-format-v1/838ce7368844471c6bad79668e11b59a5501b3c0cdad0014176457a5ee1c4350.q8_0.safetensors","bytes":41779656,"sha256":"c03be46eaa2aba51ffca0c00bdbad8fc6a10a45099c39bd91c5811de64a9f450"}
FILE_JSON {"path":"transformer/.candle-device-format-v1/83e6e202b824f6869c1f7ec167e58a90603e71aba1ca691dced73281e3a01398.q8_0.safetensors","bytes":15667656,"sha256":"3a1e8c8493be4b81769b418be922c617a8ced3c4efb986e94b720bed94349f4f"}
FILE_JSON {"path":"transformer/.candle-device-format-v1/85650f52ddcf40e9ecbb3cd4d11835cbfd06e610e3daa47561acd13f47f5c615.q8_0.safetensors","bytes":41779656,"sha256":"7c57f3686ba34214de496dd1c5473b00a7f89b4b66436a68d6399a0e9ed894f8"}
FILE_JSON {"path":"transformer/.candle-device-format-v1/8719de3a3528d898bfd2ed33b0a03bc75a2a7edfe1588fb27e7292e135a8d83f.q8_0.safetensors","bytes":41779656,"sha256":"51bc37e96dccfaf8af84a83d47eadaf3c12f09a6a4053798c7ad9a2b84674e12"}
FILE_JSON {"path":"transformer/.candle-device-format-v1/87d1ac0e6fd30bc399493eaf352c0d27d6080d132d31ea92fbc92e6a4c4f36bc.q8_0.safetensors","bytes":15667664,"sha256":"ab32b3b0727f78187e768453b2c3c50f6ca50d9e205d35cd8ab9dafc52278aff"}
FILE_JSON {"path":"transformer/.candle-device-format-v1/882b2282d08bb9d0c18aed7922847d2afa9a805ad5d47a2e2f115687c32376ac.q8_0.safetensors","bytes":15667656,"sha256":"c711a6600cdbcc020017133377e1aa02d1e2e4ce7be4d7084ad9361ff66e3cb9"}
FILE_JSON {"path":"transformer/.candle-device-format-v1/88c88f66be278b052dd014b40128e768dd471e07f5550b60e93338e8aa6b9fa8.q8_0.safetensors","bytes":15667664,"sha256":"7b330e559e7fc46989807124fc7443712e7f602c52027e2c2cdfffb87543bc78"}
FILE_JSON {"path":"transformer/.candle-device-format-v1/8a2e812def059bbebc19b8f4e59ad2f43d12ab2f0bd09da3585361b769811b7a.q8_0.safetensors","bytes":15667656,"sha256":"f2f7bdb07205b83208732671f1b752a795d6fe21d95cc411d3c9dd612f76c510"}
FILE_JSON {"path":"transformer/.candle-device-format-v1/8aca15d4ea275a62033dede3dfcfd5fb6e1b73759b0391e1a792b1dc34b0abd1.q8_0.safetensors","bytes":15667656,"sha256":"d835b369f9777056dff1c0448422f373cd96cbe03d250082737c7beb3ffb2db6"}
FILE_JSON {"path":"transformer/.candle-device-format-v1/8ad50d7b65d77d4f8ab4bacbb874d975d9475c515dc723b5bdaaec51e10a1353.q8_0.safetensors","bytes":4178376,"sha256":"2c9d32e8f94450e4456ab4cabaa6c185593e6b997c52494cdd03dccc86ab708b"}
FILE_JSON {"path":"transformer/.candle-device-format-v1/8b4d09a7212f0203c2b548e7015dacf4d35f6f3abba3e6d279946deb0be72983.q8_0.safetensors","bytes":4178376,"sha256":"2ed23fc839a7e449baef2e87401d3601e3c3495c90ed1dfeb5fe10624573b085"}
FILE_JSON {"path":"transformer/.candle-device-format-v1/8b6357d54c5e0b60ca330e1a1d931ed068071751a2499ccc4d8b366f1604c5c3.q8_0.safetensors","bytes":15667664,"sha256":"30b552879cfaab2d78e42df26414b56961df704ed839f77300b1771370c8cd8b"}
FILE_JSON {"path":"transformer/.candle-device-format-v1/8cd340ab70ca81ef2669248b06eea78b641e8600b2d2702383c557744b03931d.q8_0.safetensors","bytes":15667664,"sha256":"7b24de230e3a0df02ee7b12cec340376ecfd31a5396b3ad3a4743892a8bf9bcd"}
FILE_JSON {"path":"transformer/.candle-device-format-v1/8d8144d641315c510b1e2efcf16e88cbba4f173837fa864462517f8ef41c55f5.q8_0.safetensors","bytes":41779656,"sha256":"9e415df1ce7f9c31b9efe31ca3d4eee55c90a3fa38c4755290a738ba77a195cc"}
FILE_JSON {"path":"transformer/.candle-device-format-v1/8d8d2b9bd35b7cf7f3b6c1e5c1b2221c677ffba4a2bbb51797ec023e9e4ee9ff.q8_0.safetensors","bytes":41779656,"sha256":"76f0940ccb8c4a90836f39801c1e1f2426525b32299e852349a1aef9c812ca0c"}
FILE_JSON {"path":"transformer/.candle-device-format-v1/8fdb15efa62e81abeeec7ad8ac9231c042277d69c911d257fc5bc5d60a565990.q8_0.safetensors","bytes":15667664,"sha256":"ff62176dbb7f76bccb25c35673916e5941e3c021b57f24b04b596328c168ee06"}
FILE_JSON {"path":"transformer/.candle-device-format-v1/92dda6fc41372268f9d0263e51a87781e413a76d58a71759c15e64b5f88595e3.q8_0.safetensors","bytes":4178376,"sha256":"02bafa5ce8e40c91e6d05c880b0ee5575a05eba88efd0801e6fdd77365904e2b"}
FILE_JSON {"path":"transformer/.candle-device-format-v1/9331108ca9d66012ddffb294cedc005709d9a9e1b1d338f4d5d75263c91e5120.q8_0.safetensors","bytes":15667656,"sha256":"bc79c28e28af3769f0dd4501907ac649b63634aea31193fc3230cec59fcc8d5d"}
FILE_JSON {"path":"transformer/.candle-device-format-v1/94bc9d4053b9f56ebb9b94e3a9470476f242b050aa66482d558b6bbcb6010ba0.q8_0.safetensors","bytes":15667656,"sha256":"a0304c967fca78c4d221539525ccf7e26b5e3b84c032801e054cd61bacdd5054"}
FILE_JSON {"path":"transformer/.candle-device-format-v1/955d70a27aa228a4d9c6c4b1e6dc3afe05344d6a73e64c20393db550fe385e45.q8_0.safetensors","bytes":4178376,"sha256":"6a30d95da4baf7c746dda5ceaddf21d3bab7c81c6cb0484dd987cbbd3f5d93ba"}
FILE_JSON {"path":"transformer/.candle-device-format-v1/96422fff0fe09dd494e7ecb4c6952c5c79ac4f8f8c7dbf0f280304fd78b8ff24.q8_0.safetensors","bytes":15667656,"sha256":"6df34b4bf6f5e6740be361b6f42f3029603dd94e31fda865d98ffa4407394ac5"}
FILE_JSON {"path":"transformer/.candle-device-format-v1/97129257fecc8a7eda1afe4371b8e1b6c173a8fed6cabbdbe1cf2c7c21be5d90.q8_0.safetensors","bytes":15667656,"sha256":"5fda013a5418e03c3eaf63f8c5cda6ad37126a81b96325ded4b9527d193b7d41"}
FILE_JSON {"path":"transformer/.candle-device-format-v1/99240d0dcc97b54de74fffea6c1dc6544ae70d4d5d50ac443aed6a2a70180bc5.q8_0.safetensors","bytes":41779656,"sha256":"d49e1447ccade2b081e9436b8d02704ca736bd9431c41f989c20ffa3f5ffdc11"}
FILE_JSON {"path":"transformer/.candle-device-format-v1/9aa88feec34feff1cae795edee161bd9a824a1b8d4ba1460911f97e6c304aa0f.q8_0.safetensors","bytes":15667656,"sha256":"c6247eb70dc9ab3f6d6bef2c7166afbc73bda18ee58f6b2cd9910bc6da18c2b9"}
FILE_JSON {"path":"transformer/.candle-device-format-v1/9bf0edd3e2ef0ee41fdbb0c3946eca99220becfd2f5a6f5a18d9746fa1dbcb9e.q8_0.safetensors","bytes":41779656,"sha256":"b7eaded97666eff587744b30e9a3b6ac1b7a92fad0ef0b3341db126399f1f421"}
FILE_JSON {"path":"transformer/.candle-device-format-v1/9c5ec5028a6ba8c131f513dd25fbaa5846ce54696130ca0c65b776780b97d498.q8_0.safetensors","bytes":15667656,"sha256":"13f16b9acdfa5a371a60a8bdf381150fdad635f3a4480f34be55ede890a67fd6"}
FILE_JSON {"path":"transformer/.candle-device-format-v1/9dbee9d6152f552649d5735c8fb6ff36fed80994be55343b57b2012a5d49645f.q8_0.safetensors","bytes":41779656,"sha256":"a17699d56d1f69cd61bb68a89cc3f6a92326a475d89cbf3ae768a9a160ef87dc"}
FILE_JSON {"path":"transformer/.candle-device-format-v1/9de7a7f761c537d3a98a357df7e3188afbcc1f46fe28f6932ebe9cdb845adae0.q8_0.safetensors","bytes":15667664,"sha256":"0c8324348899158f9afe86d0b60856413d9263708c874e1d1411f36130b3b7cf"}
FILE_JSON {"path":"transformer/.candle-device-format-v1/a03614997f83bb7b28c9861d80b1bd5c6041cba404f17e503cc130640a961aac.q8_0.safetensors","bytes":15667656,"sha256":"0ebd3fdde13274d81596cf3163ed60a4bb5cd34a0664cadd55a4d2ffa13dc1c9"}
FILE_JSON {"path":"transformer/.candle-device-format-v1/a0a15681f3433ec9b1cd7a57f1f31700293ebb2562f89b4334281c14b9e5181f.q8_0.safetensors","bytes":41779656,"sha256":"78b164df53219d3b13bc0e3def1950c76690e88379e0301ce10035078bcdceb6"}
FILE_JSON {"path":"transformer/.candle-device-format-v1/a5274f187bb94b627c682576519b826408a0e2a23967431b1e23cbdefa56ccf6.q8_0.safetensors","bytes":15667656,"sha256":"b9ebb7f57360f55703872d9472fb6889eb61945b04e0e59ffec835f9aaa6003c"}
FILE_JSON {"path":"transformer/.candle-device-format-v1/a5c75e4c87332e491483a68623d6f5724d3045dd03bacfc28edc05c00e3fb2e6.q8_0.safetensors","bytes":4178376,"sha256":"964b09991757d3c044d13b32b2b8470d5bb21c05aef1ca9edf6e1cb6bfa993b2"}
FILE_JSON {"path":"transformer/.candle-device-format-v1/a6cce8d83a13fbf7e31cf18886a8bc1db8bb1989b2b82b515f41c658601a3e2c.q8_0.safetensors","bytes":15667656,"sha256":"e235e767df682c34b215395f4de9e2c319f362bf42e736e27ba60ea5674b8333"}
FILE_JSON {"path":"transformer/.candle-device-format-v1/a6e2d366b8ec58d274eedf23d34d8d7f2d2027469bbad32ce03d517bf95f5681.q8_0.safetensors","bytes":15667664,"sha256":"da9d2ba661a929c0992aedf18c91ee680189f488a9503a6995c7350256a28bb0"}
FILE_JSON {"path":"transformer/.candle-device-format-v1/a70a141867b79d4aee1163017cd6ca2d3a862724a1ec768de2fcb163adb07c87.q8_0.safetensors","bytes":15667656,"sha256":"78dbea8d74c6c1e9d6fc6e3cf158cbcccb25fb68df52d4cc96bd64a364f29a92"}
FILE_JSON {"path":"transformer/.candle-device-format-v1/a72d556b80c0a502096b6fd4941a878081756328e35e45f420a4c7d910863a0f.q8_0.safetensors","bytes":15667656,"sha256":"6736d3c012a9e30ef10fcf8c0b211397540fc5133863fc59a898b993accb4003"}
FILE_JSON {"path":"transformer/.candle-device-format-v1/a78154aa839169cbc9001256445d137d89f0e58ea30af9f13fdbd752cbac5eb9.q8_0.safetensors","bytes":4178376,"sha256":"a2f1114146b3bf57a304a47e7bb96d009ba392661135eeccfdbb32eb22da0ca4"}
FILE_JSON {"path":"transformer/.candle-device-format-v1/aaf8743087afce516f44a1a17efc88049a986393b4f655db836b6d02ae271f6f.q8_0.safetensors","bytes":41779656,"sha256":"10e9657ab0e06b7fc5a0e4d168eff45e69f19575a7b5ebe5769914cd9e9cd94d"}
FILE_JSON {"path":"transformer/.candle-device-format-v1/abab82579f8382e16363afb7951f48f7dbecd6d46efd6044e5f7414b44fcb4ca.q8_0.safetensors","bytes":4178376,"sha256":"9fe1c5b042fb6519d59de6d714a4be5d295dac83ed06454eaa31155989d071a2"}
FILE_JSON {"path":"transformer/.candle-device-format-v1/ac08c3b68615335fd2a50e769dc79feeef774073e7549748284de8acc1adfa1d.q8_0.safetensors","bytes":15667656,"sha256":"45bec2f1e3625e2f08ae1697c3e570146800b356ad21c642ba714127b3643a0a"}
FILE_JSON {"path":"transformer/.candle-device-format-v1/ad393a93e37e900e5bae2b9230d96ff59dd4f35be7f79d703a942267333cc904.q8_0.safetensors","bytes":41779656,"sha256":"757d986ebef1c833f4fb00657842907313208dd8e0fffce471d5342f0514dd8a"}
FILE_JSON {"path":"transformer/.candle-device-format-v1/ad3a41555651dfd56cebc4a8b057d7614de9215e5b38666ac0ee1d357334aa76.q8_0.safetensors","bytes":15667656,"sha256":"6ffd41fe559f4b66f78c0e6b217c2ace424b4c85e0d04e3fca7b3d86bb5738c3"}
FILE_JSON {"path":"transformer/.candle-device-format-v1/ad844a0c8b7372ea63502c552a4c668c314dd634db72d8c2642f2661ab8cfc0e.q8_0.safetensors","bytes":15667656,"sha256":"da4fc6e35cd929043770738f1639eae6017e4f3057a0b3836bd071315fcd8833"}
FILE_JSON {"path":"transformer/.candle-device-format-v1/b138bccf44f9791834829cdf1c264cb9cac506945be4294d5a3ff18d6cac7d92.q8_0.safetensors","bytes":41779656,"sha256":"617c85863d1a7539fdc208ecc4bdcc79a04344f6b1ea0dec0dc19659e38d0c2b"}
FILE_JSON {"path":"transformer/.candle-device-format-v1/b1d59ad39f07acbd815faac7e96a8b13f32fdcae6f142df45b63e7aceda2bfec.q8_0.safetensors","bytes":15667656,"sha256":"28c3e16a16da0c4b51b7c8a111f52ba0eabc6807a9d5e203911664e1a9e4251b"}
FILE_JSON {"path":"transformer/.candle-device-format-v1/b2504c06c1d27f6ae00683cbc8df32b770dfb8374b45f7a63f2155575c2e355c.q8_0.safetensors","bytes":15667664,"sha256":"6f2b484c4cd1a8cd89417e281b3e062fd79ad904fe311643bc5a1351c90819d2"}
FILE_JSON {"path":"transformer/.candle-device-format-v1/b306e3d1eff1d9d1e9bc6b837d7b91bc9c3434ddb913112387ed128e7110c6d9.q8_0.safetensors","bytes":15667664,"sha256":"1b65beac8a8368b244ed6e68f59d33b1e0ddf0aa5a6c9e1d7641bb10f801000d"}
FILE_JSON {"path":"transformer/.candle-device-format-v1/b7a2aed6b4411370b16892f911d3cba14fc6276eb920d329493aec2813475470.q8_0.safetensors","bytes":15667656,"sha256":"90e80d015ffeec3eb85c691500c62a93ab0a48f97e7b50d67a06b911bc3c8bf1"}
FILE_JSON {"path":"transformer/.candle-device-format-v1/b856ffcbc680c84fa516508f4e2fa6320ba19d857bd85228ebd904510ba775b7.q8_0.safetensors","bytes":41779656,"sha256":"0c33db2969d51d4f54da213c6ec53f4ba0b27f505ee359fafe4d99214697db32"}
FILE_JSON {"path":"transformer/.candle-device-format-v1/b9e0d23918612d9e5a70134e333ac20084a378420362b295355f647a679b27cf.q8_0.safetensors","bytes":4178376,"sha256":"e16256860beb229e8c9b56ad5f091aabaea3bd0702f1126d019c7556eb505451"}
FILE_JSON {"path":"transformer/.candle-device-format-v1/ba5a94eeb2336f9b3b8a7e69c89e3476d56a299e257983805f991df91d5cb41c.q8_0.safetensors","bytes":15667656,"sha256":"9d5e0e290b582ace1b35ca012ce95b0c5434208cf38256d2c1a7647f743b7c13"}
FILE_JSON {"path":"transformer/.candle-device-format-v1/bb17a76018a14bb7e4203949d9f579dae8948767942934c31a4b78ccba1bf365.q8_0.safetensors","bytes":15667656,"sha256":"331cc743f633e20975b32f04b052026609b42441b99ca083ac37d35939ac4942"}
FILE_JSON {"path":"transformer/.candle-device-format-v1/bb1c26417c9582c7d4b85dc64e5f7546acd4d32003fc76483bd2d1416d9d98a0.q8_0.safetensors","bytes":41779656,"sha256":"21c7034ef057fc99e45c508ebc17afb44436b764f402a622a0ace0e319b35a14"}
FILE_JSON {"path":"transformer/.candle-device-format-v1/bb444ba80ee7cc28e6b818e0bf8c5d7e00980215ccc45b7da9ce9e77d51b98ba.q8_0.safetensors","bytes":15667656,"sha256":"da49ae09cf73471af53b9899dc0861501d80b45623eca1f26833ce42a86edc7d"}
FILE_JSON {"path":"transformer/.candle-device-format-v1/bc4a037eb2cfd264b673cde9fbe10b5d5c79abb9645f9e33afb2e82be0d7e50c.q8_0.safetensors","bytes":15667656,"sha256":"6d6be230635275bc712b530cdc9feb956fe42799149da85657a7604bd8ae0154"}
FILE_JSON {"path":"transformer/.candle-device-format-v1/bdb4d98a05a738af2425358bd578eafd9c718ab79551045608c435183e6ac752.q8_0.safetensors","bytes":41779656,"sha256":"2b1688f405ad3f7d91b42e0b6bb99a773ffdb346ea893b5d486106664fa0a53b"}
FILE_JSON {"path":"transformer/.candle-device-format-v1/bf16382253c77ff342d3b6adfe79d6ce7a2e439964be0e1be852a1b58944b33c.q8_0.safetensors","bytes":15667656,"sha256":"4966304716c3079fb335c0f566166aa304a21e1e5e2514087061bdc4b752573b"}
FILE_JSON {"path":"transformer/.candle-device-format-v1/bfd26b43419674c93555397b458e5e845dd51a1ebf949a06f5ea73ba2c2d1cee.q8_0.safetensors","bytes":41779656,"sha256":"f974bf4717ef194948aa140bf6da9bfc984cdc6e1c21278db8cfae44bea2113e"}
FILE_JSON {"path":"transformer/.candle-device-format-v1/c100b0a9b883cc7d3f99eba29a67ac780b05a620974537845968e8146ba9f2ea.q8_0.safetensors","bytes":15667656,"sha256":"1c1faa21890d3275bdebcda2d15cfce8a5f1968c1e51d3dcd66005a8bd811012"}
FILE_JSON {"path":"transformer/.candle-device-format-v1/c12f6fb5e4cc3351a34aac697a0dbdc9f844ca530748af571ac7430796b4b353.q8_0.safetensors","bytes":15667664,"sha256":"e78f2fa98e02153739a2f2263f4ea42c3045fb7f61e2a9daf21d5d18071c97d2"}
FILE_JSON {"path":"transformer/.candle-device-format-v1/c2506d02b32a787fd7cc7106da34a52ccc9be24e6714db0e3020cfc0a955e75b.q8_0.safetensors","bytes":41779656,"sha256":"2f03a103b04f6b69992b7802de9e31fc57c2028fa814606c403302530b4727f4"}
FILE_JSON {"path":"transformer/.candle-device-format-v1/c291f44f323d04e168c886c3ac9da602fcd2b231b0bd67786389339ff9332b6e.q8_0.safetensors","bytes":41779656,"sha256":"a267aaec556da44928eda4e8d8fb7d00800f746993fc2b6828435caf5b7ef260"}
FILE_JSON {"path":"transformer/.candle-device-format-v1/c33472a207668103f3f522a7a5a9b14e571dd05ae158aff5a32ba5abf61cca12.q8_0.safetensors","bytes":41779656,"sha256":"b503ce44882e0eb41a2d05ba7e274198555650b7029b8dd1d7d7042567d811b0"}
FILE_JSON {"path":"transformer/.candle-device-format-v1/c46c9b271aff40e8d0adb6199699935331f107f62a6278012316f4c81a7a086c.q8_0.safetensors","bytes":4178376,"sha256":"d50340a0eb2587a671b4cc21235673c204df2be3b955a9c30dddc57bef24e714"}
FILE_JSON {"path":"transformer/.candle-device-format-v1/c4efd19cfa606546ad58fae76181cc021ad70f9158d55a1f3086c338e3ccb285.q8_0.safetensors","bytes":15667656,"sha256":"55146b1c2061b45c45b731edaeb7a2a6b6674b17c92d389dccb61e2501e90c97"}
FILE_JSON {"path":"transformer/.candle-device-format-v1/c56cdb4b265ace6139a9e5a07d8019ee22e79d9b5c4119f8aeeb06112cb81a47.q8_0.safetensors","bytes":41779656,"sha256":"dcb657aa0ec26fd5de8690b6303c668dc29d7d3dc3aeeea68e7bdce5903a7a7f"}
FILE_JSON {"path":"transformer/.candle-device-format-v1/c684627799d8f0c9569bffcc66cfa080aa5641f09bb6e1f2f12e531d77d20899.q8_0.safetensors","bytes":41779656,"sha256":"76d0a579d5e46b6df53e68dbadef8fc673e2420694ddd02d964a533f2e8d62c6"}
FILE_JSON {"path":"transformer/.candle-device-format-v1/c6f0963da31c53e16b848a2a2f92c83ac5d01d3bb88cb77f488c38bfa192733c.q8_0.safetensors","bytes":15667656,"sha256":"7ced02b39b4118a8b1c4b449867f3d910e9a1903c01820e44da678727a179a2c"}
FILE_JSON {"path":"transformer/.candle-device-format-v1/c78fe697c17165bcfbb8f9decfbd49731321218ee97491c64a6c793483d56a9d.q8_0.safetensors","bytes":4178376,"sha256":"b4948119467e9065f0f073133359adffb37f1ea3764bfbea71f28027bec306aa"}
FILE_JSON {"path":"transformer/.candle-device-format-v1/c9a2fe22262ff49099e6e2969a8df45812ffb7bf7135dae91d3da9f62578d0c6.q8_0.safetensors","bytes":4178376,"sha256":"7e080527da0f750080c26ad4fc361e625499900e07f3db889aea28e792c7d286"}
FILE_JSON {"path":"transformer/.candle-device-format-v1/ca7ad586ce26591684469fde310adfff97a9cfa75e53e3d1ce5fa3e10ef31872.q8_0.safetensors","bytes":15667664,"sha256":"02c5d832ad336fa99aec2dfa1eeac4444263ff4ee33221398e37e1110c892eff"}
FILE_JSON {"path":"transformer/.candle-device-format-v1/ca95075a2dc2e3da8a1dea67e5c27ec8dccbf884a77568bfdb6c4cfa63342959.q8_0.safetensors","bytes":41779656,"sha256":"cf52b1e74fbf8630eaab896c8822bb5f55b9e195d3817f22bff1bc49c345484a"}
FILE_JSON {"path":"transformer/.candle-device-format-v1/cc41471d65fccdbca27263e5648d180f3a9df683bcdf856280e02318e04e791b.q8_0.safetensors","bytes":41779656,"sha256":"45e32f2fb379f356799a74672fbef4942750d537c590270c9a97af65ecf60a03"}
FILE_JSON {"path":"transformer/.candle-device-format-v1/cc95d5482e0fb7c5ac732cb320289e53d4b62d4d5a6196794296dd6e2298e541.q8_0.safetensors","bytes":41779656,"sha256":"688fb2d8e351a77bda9801253c7946c09e0f740804cccd8a4c0afcc4741d23cc"}
FILE_JSON {"path":"transformer/.candle-device-format-v1/cce64cb19ec382b43ea8446d91d7ff91701257697511dfe0dec61e9c15b7b039.q8_0.safetensors","bytes":41779656,"sha256":"0fdf631ed0764f23d3649731e4da7b77370b82cd6bb2ba1cbed3e8d3d11fd1b6"}
FILE_JSON {"path":"transformer/.candle-device-format-v1/cde9f00ce91488cef09ef40a3cd39f9ccbd2b1b7dea405a5fb77df75e7c1e8eb.q8_0.safetensors","bytes":15667656,"sha256":"f0fd5135627d804b657ec1f71ff3ccd67412ce7d8b0a3899b583f713359d90fd"}
FILE_JSON {"path":"transformer/.candle-device-format-v1/d05d5e9145fb2f1a36683ea7ec990aac5cf5bc5396e37bc527532d8456109162.q8_0.safetensors","bytes":41779656,"sha256":"e69a0624a416a03ea495bcd411ff13afedc56b56d250abe16aedf47ba1da480c"}
FILE_JSON {"path":"transformer/.candle-device-format-v1/d27d7710abdc694399c4f18b2da1ede08868b52cf42be9ea1c990422c010ffa7.q8_0.safetensors","bytes":15667656,"sha256":"5f3a1f39d757601ba8f6f4738783ab1dbc8d1128b7a65e626cab766694caf754"}
FILE_JSON {"path":"transformer/.candle-device-format-v1/d3342596a0ce4a0d0f047bcd89573a75dffa3ffa1c23a6ca83f33cf6edeae226.q8_0.safetensors","bytes":4178376,"sha256":"980562e6176c859988400b190a8d29d51a560e6b7ce35e6e424de65e49f92f92"}
FILE_JSON {"path":"transformer/.candle-device-format-v1/d3fd1cc8a2c2ab333165897cb81fa6866f03cf8d8e84db1e74cfff5fa4d1fa75.q8_0.safetensors","bytes":41779656,"sha256":"0e762a47fb2af8840b2a05376cd24c535cb4bfe01054b117ceee66c2b54576d6"}
FILE_JSON {"path":"transformer/.candle-device-format-v1/d5794725c11fbb4d2a51e87f475b56120a18714ffbe09c9690184a098e41dd6c.q8_0.safetensors","bytes":15667656,"sha256":"149baab17a59c80497affaf3f64158c1d8e09c105b40f41989d8e11ee83311c1"}
FILE_JSON {"path":"transformer/.candle-device-format-v1/d5d6c7b995b92c0d1703ff6d2a55b6006a12b7f81e6934cfdc2dc0471432b1af.q8_0.safetensors","bytes":15667656,"sha256":"f0306bcc60f5ea76c3ce1ce8246c7541cc088b99db0458fb9995219eb3d5b455"}
FILE_JSON {"path":"transformer/.candle-device-format-v1/d5e5409b5f6fa37ec2e4d75080912ae3baa3a016f0d7fbf5747cfd0206169003.q8_0.safetensors","bytes":15667664,"sha256":"36ccc8aaf73e45f4642caa5de01b756a66f848cb90417991c8c7ed9cfc649fb1"}
FILE_JSON {"path":"transformer/.candle-device-format-v1/d60704c15bd7dc95731cea3eace51392e34646257d4f8a776874febe73ad20a0.q8_0.safetensors","bytes":41779656,"sha256":"25f8023dab51b2f131cd0b3c27199df30a3f5bdb4313d5aedfe9d3d7dda4808d"}
FILE_JSON {"path":"transformer/.candle-device-format-v1/d7b24fdc38467083ecbd445dcd4010dce740121e059c6573d8f150fe40edc69a.q8_0.safetensors","bytes":15667656,"sha256":"838622252288840b0f800068ad111238fbfa896be4f8f48de7f6abab2117fdd6"}
FILE_JSON {"path":"transformer/.candle-device-format-v1/d7f95ca81b21e10a9ac045e26941b760768c1063d63649638a76ca9d73b16019.q8_0.safetensors","bytes":15667656,"sha256":"30900e8f206c9b5e8b87344746a582a1f5dc15fa296a5a999462962bf7115403"}
FILE_JSON {"path":"transformer/.candle-device-format-v1/d993a49248cdbc697699fffa380987277ce0c17893fe9827ae9cabe215c21a92.q8_0.safetensors","bytes":41779656,"sha256":"e0803e8db724cfb30b40ca16bef6b9cf1a4d2fda18d356131700a0b80929217f"}
FILE_JSON {"path":"transformer/.candle-device-format-v1/da2ef2fa7c41c499f99ced7dffb652240d0d87fb6df731e819c9f4f9b988738f.q8_0.safetensors","bytes":4178376,"sha256":"aa3c96391f3281e84ef8a3a5a08b3ff686d909afac389257a0322349440713cf"}
FILE_JSON {"path":"transformer/.candle-device-format-v1/dae774a0cc380195453200ee6b1701288c2adfa730d34983117020ee6936a7d5.q8_0.safetensors","bytes":15667656,"sha256":"50e4c9829210f764dbae660cf6e487d6bde86edc1255b21f75e99a8321706e1e"}
FILE_JSON {"path":"transformer/.candle-device-format-v1/dafe0867484c08dc30afc818d1b4c213f78b79beccc5d4ed74d1da4ca98405a6.q8_0.safetensors","bytes":41779656,"sha256":"4e87f5dce32bce4189659e7838b48a519d984876a14f23fcc3989e76437730c2"}
FILE_JSON {"path":"transformer/.candle-device-format-v1/dc28bf8451b4a114fe40fbf0ef17c5ea641da757bb6320d0f70ceb2a00f0a0d1.q8_0.safetensors","bytes":41779656,"sha256":"825e414663ae2f9a3df2ad5c6868d8b17575f6b87e73494e83dd7a0ff17615d3"}
FILE_JSON {"path":"transformer/.candle-device-format-v1/de79921a2442c889ec23dd110b099c6c3af8ffc876234eaba9fc6c5890a3a222.q8_0.safetensors","bytes":15667656,"sha256":"99f2db2f53e2c7bd16c7a125a35785d306f0e406baff5e5922708356a2a25b4b"}
FILE_JSON {"path":"transformer/.candle-device-format-v1/df241c497539f63f9b7500368e012ec993ce7696fb1f6de47df2f0631de69cc1.q8_0.safetensors","bytes":4178376,"sha256":"960ecf198dd5d701204c2c2ede50182c59fd99badc0f25f0686ed838f27cec40"}
FILE_JSON {"path":"transformer/.candle-device-format-v1/df34e4dbb1e414304d102f259fadb6d7c51f14225d3a93d56a072c1e3ffa997e.q8_0.safetensors","bytes":4178376,"sha256":"858f48ac8b36daf59e3b44047b5cfc1ce3c7d22f4462332a8a764582713087db"}
FILE_JSON {"path":"transformer/.candle-device-format-v1/e10bc22ddf45e0ecfb27ac69156733eb534be89001f24d41a9aab52163516e79.q8_0.safetensors","bytes":15667656,"sha256":"5c0dea3a0ca8afb2f70e8e719e4066f186fb3ea07d140e370340d47d1abb7945"}
FILE_JSON {"path":"transformer/.candle-device-format-v1/e29b7d5e0f72b783139f0e5c6a12ca3eafe1f5814e283838d6467785a192a23e.q8_0.safetensors","bytes":41779656,"sha256":"c95a689773ed24cf7f6ca09ee4e86976adc41d36cec1593780354246fd10c6cb"}
FILE_JSON {"path":"transformer/.candle-device-format-v1/e3de36756a12f59c898bd24153a3f762d85196241830d1bf28784bb8a7938288.q8_0.safetensors","bytes":15667656,"sha256":"d4c5b874e38b000282c6e18d06ca4cdad4c60b5df76137a1beb79451e0a748e9"}
FILE_JSON {"path":"transformer/.candle-device-format-v1/e44ec6e422573adda7b8fe4c6e75920ffb4d1972694698fac4b3c0b05a9b8997.q8_0.safetensors","bytes":15667656,"sha256":"77fe4315b2c83a7a88260fc71fa693b24cbcd4553142cf0e70cb2aee16f9813d"}
FILE_JSON {"path":"transformer/.candle-device-format-v1/e4e44fb78ce2592e3754206e7441aabd9da604a62fd9cba2405653938be00118.q8_0.safetensors","bytes":41779656,"sha256":"4e09a9397ae4963d35d3ff30c0b79c8020b7dad9da0b64801a2177fba3c2215b"}
FILE_JSON {"path":"transformer/.candle-device-format-v1/e546cff4e386d6b7074712cb2259f86a7dc85ade08e537d6fa96ef5a452a0941.q8_0.safetensors","bytes":15667656,"sha256":"290ec02f38beb1a4ef7dd9e4eb006082196639debe1da39692e5916489f6275e"}
FILE_JSON {"path":"transformer/.candle-device-format-v1/e607d12601e9bae906e22231d410607e9858b4ab26dea37fee65c67a06b04564.q8_0.safetensors","bytes":41779656,"sha256":"8b673faa6ffa2667a6947fbb5ed00b49e1bd557d9020362ed609df56750f7a37"}
FILE_JSON {"path":"transformer/.candle-device-format-v1/e6911a1acf196e9ef6dd61ca77c0a4250f0b4e284ec6764212559be2405eacf9.q8_0.safetensors","bytes":15667664,"sha256":"ff15ff247133ec759d8c38a36bbcd3f9e22aa9e7cf62d5f89528f25905c9803f"}
FILE_JSON {"path":"transformer/.candle-device-format-v1/e9cd28b9c47c5a5afb076f9b6dacd0334dd43e9eeaadb7b792b59bf05c1042d2.q8_0.safetensors","bytes":15667656,"sha256":"75bcf8a3dfd4c56edef67d5fa4d55fe46d61c249c554e63284ada60fb083d488"}
FILE_JSON {"path":"transformer/.candle-device-format-v1/ea9de81f2418071c59ce64cfc745b6920fe6f836d6a85cfdcb479aef74e2aa31.q8_0.safetensors","bytes":15667656,"sha256":"8dce781013d76e5add58e5f4b6bcc5756dbdfb93accd13bb9cc6c52db93e33fb"}
FILE_JSON {"path":"transformer/.candle-device-format-v1/ec328e1279ed5bc5d60079745f94aa7928f15617bfeb6ef761a62cfd636a4f92.q8_0.safetensors","bytes":15667664,"sha256":"75b62964136bb9069e87292fd59b0aadc7964130fb85e752d09d425e545d6bce"}
FILE_JSON {"path":"transformer/.candle-device-format-v1/ecbb3d8017bed91abbf0429ff0919b0f4dda160c9c81090e74c01bbc5cf62fe4.q8_0.safetensors","bytes":41779656,"sha256":"97adbc5dd451a94f49619230d238818b9f035c5ac49f87212d709a24e5595e41"}
FILE_JSON {"path":"transformer/.candle-device-format-v1/edd5fdde3663f5916a84a20ad39728d4e493dbca50ee492510714a30970142e2.q8_0.safetensors","bytes":15667664,"sha256":"b28ad5616e2615079cf4bceb8ac5cfea21c4609a6d721954244c308506ec3902"}
FILE_JSON {"path":"transformer/.candle-device-format-v1/ee253eef8aa9d38248ad285d47e9cdc01eb7aa7e6cd0525115fe2762b6040224.q8_0.safetensors","bytes":15667656,"sha256":"748ce244c119c084f0856c69b7a5c2ce8bcd56760eda94e4bbd3842c6dbf8b27"}
FILE_JSON {"path":"transformer/.candle-device-format-v1/eefd855363aebf21a87a92254f337ed3e341a6f3976a7fdb3cbc0cd0943a870c.q8_0.safetensors","bytes":15667656,"sha256":"bab6268f7313ca4438e60a76a013d72c41140f32b191ea16a6763b9f02df0ccd"}
FILE_JSON {"path":"transformer/.candle-device-format-v1/efcda389adfec76335adce04e885f732ec79afbf4428db1732604e70ad6dce44.q8_0.safetensors","bytes":15667656,"sha256":"82761d206f68908ecdfdd11bd1b1ff03da4a7508d6a092c00a568f674f231fff"}
FILE_JSON {"path":"transformer/.candle-device-format-v1/f245b739b57b9c8ebae5a23458f72f115a7a191aea3f48aa03c19a6470477147.q8_0.safetensors","bytes":41779656,"sha256":"726d6c6e722848ee11906ad6ae09dc8e2949df59362233e27ddb81f25c96a968"}
FILE_JSON {"path":"transformer/.candle-device-format-v1/f337971d9a65f7452b761cee55194ed6df6ec77683e39d8f023cdfbb28b8f004.q8_0.safetensors","bytes":15667664,"sha256":"10865a8722911603185bc0ba956aaaf5bf635a55ba404c4ab67d2abbab8b16d7"}
FILE_JSON {"path":"transformer/.candle-device-format-v1/f36822173954044f1e2675e57aac14ef6b7cd2b35d6a9c1050a5b4ca5e21afa5.q8_0.safetensors","bytes":41779656,"sha256":"10bc752252281733a6aa300dd6e523912810702e7abfdb53d65b894771ed817e"}
FILE_JSON {"path":"transformer/.candle-device-format-v1/f48457005f3f1b91cd210842e10a3d06ec1340ffbff5f07977647739d3cf3060.q8_0.safetensors","bytes":41779656,"sha256":"ddecfc9f94d05656072c1e20aa87ee1d97b6ee0f0262b6ad85d98c3248edf4a6"}
FILE_JSON {"path":"transformer/.candle-device-format-v1/f4bb5f719fb3aeecc74d88b4a5880cd9325d82cc6d8e28c5adaac76c7fd400a1.q8_0.safetensors","bytes":4178376,"sha256":"aea9885a7e3f2801837657344ed9687e27e426edd8953c0bd9184ff2c088180a"}
FILE_JSON {"path":"transformer/.candle-device-format-v1/f5de40f792417e5942b1b7a271e6d2e65d0a33bb6934afe7303d31bf96404e33.q8_0.safetensors","bytes":41779656,"sha256":"9faf3006689b4bc8d904d18d5bd2f6acd0a9ade757e010b74a815c52789cd0cc"}
FILE_JSON {"path":"transformer/.candle-device-format-v1/f713e8de20e48dd8e5bff277b0b81f72b2f57ca8bb283ded1587270e99863485.q8_0.safetensors","bytes":41779656,"sha256":"43bab0eef720d1a8f595cbfd922b0e7c6cdb7ac702acbdb768d8d00e132f91b3"}
FILE_JSON {"path":"transformer/.candle-device-format-v1/f7f464f2ab7428bfe59bfa15458b61a2657e583be89900d350f2a2df53e82908.q8_0.safetensors","bytes":15667656,"sha256":"12ea74e15b99afabea69af4b7784fc83b65ae089b9630113f0d4b893385b809e"}
FILE_JSON {"path":"transformer/.candle-device-format-v1/f9ea908507f8d89cbe71f491c274b4b483be5e008b285ba2e50f9a2da22fc1bc.q8_0.safetensors","bytes":41779656,"sha256":"a239ccaef9238982962840467896439370de4b4b448dbb5029f0a50494462efb"}
FILE_JSON {"path":"transformer/.candle-device-format-v1/fd46c36bb5367e6c81772b25d21cbb3bf38b6b74947357bac51a1405cbdd59ff.q8_0.safetensors","bytes":15667664,"sha256":"b92fe785d28d5e5cf3c29286ffaeff22446df459c43923a8d6989d4bf4e70724"}
FILE_JSON {"path":"transformer/.candle-device-format-v1/fd4fd66fd2a6756d998389ddb0603c62107826a511227dc009e91e5be4e9da12.q8_0.safetensors","bytes":41779656,"sha256":"7acc75f25ba5137dff8581829bcf0897fe8445f9101bea3a40ad2e5c879e7a21"}
FILE_JSON {"path":"transformer/.candle-device-format-v1/ff200ff25129630eab02473fcc79c0f057a5f6bfd8322679b74f5d26420566fb.q8_0.safetensors","bytes":4178376,"sha256":"46484bb930ab2edc4c4922e3a83be046178dc53576741710454a81a53f10364e"}
FILE_JSON {"path":"transformer/config.json","bytes":562,"sha256":"1076bdbfaa72b907a9dced4f94dcaa3a2b98d038a18d416f2526fdba31cfc33d"}
FILE_JSON {"path":"transformer/model.safetensors","bytes":6540687182,"sha256":"f224c4180efbb4aef6fe2bd04d3c5649284d04d296792b57893065a8f4fa1454"}
FILE_JSON {"path":"vae/config.json","bytes":880,"sha256":"27dd50fb7b955a6d750dbfed09232c416d49a485036dd38470b30fd3d7f318db"}
FILE_JSON {"path":"vae/model.safetensors","bytes":165702558,"sha256":"7019ec62c3240f049d7ff8b4d53390d17e06b7a038ac3cab22353956792e951f"}
CAPTURED_AT 2026-08-02T02:50:38.4627016Z
SCENEWORKS_BASELINE e87abd092f2e83452c0e527d69f85fc4d6465242
INFERENCE_REVISION 65833f24409bce33c418499c2029bee76d842740
