
running 1 test
z_image_turbo: production shape=DeferredMaterialization, declaration=NotEvaluated, offload=Sequential
z_image_turbo: prompt demand 2 windows
z_image_turbo: facts=MemoryAssetFacts { base_bytes: 5826228998, conditioning_bytes: 2262915072, transformer_bytes: 3465730304, decoder_bytes: 97583622, overlay_bytes: 67041088 }, architecture=MemoryArchitectureFacts { attention_heads: Some(30), head_dim: Some(128), transformer_blocks: Some(30), patch_size: Some(2), latent_channels: Some(16), vae_spatial_scale: Some(8), vae_temporal_scale: None, activation_dtype_width: Some(2) }, resident=21.539 GiB
  StagedResidency MemoryStrategyParameters { stage_residency: None, decode_tile_edge: None, decode_overlap: None, attention_chunk_size: None, transformer_window_size: None, transformer_window_component: None }: 14.452 + 1.821 = 16.273 GiB (EstimateFloor)
  BoundedDecode MemoryStrategyParameters { stage_residency: None, decode_tile_edge: Some(256), decode_overlap: Some(64), attention_chunk_size: None, transformer_window_size: None, transformer_window_component: None }: 9.855 + 1.242 = 11.097 GiB (EstimateFloor)
  BoundedDecode MemoryStrategyParameters { stage_residency: Some(true), decode_tile_edge: Some(256), decode_overlap: Some(64), attention_chunk_size: None, transformer_window_size: None, transformer_window_component: None }: 6.301 + 0.794 = 7.095 GiB (EstimateFloor)
  BoundedAttention MemoryStrategyParameters { stage_residency: None, decode_tile_edge: Some(256), decode_overlap: Some(64), attention_chunk_size: Some(67108864), transformer_window_size: None, transformer_window_component: None }: 9.855 + 1.242 = 11.097 GiB (EstimateFloor)
  BoundedAttention MemoryStrategyParameters { stage_residency: Some(true), decode_tile_edge: Some(256), decode_overlap: Some(64), attention_chunk_size: Some(67108864), transformer_window_size: None, transformer_window_component: None }: 6.301 + 0.794 = 7.095 GiB (EstimateFloor)
  BoundedTransformerResidency MemoryStrategyParameters { stage_residency: None, decode_tile_edge: Some(256), decode_overlap: Some(64), attention_chunk_size: Some(67108864), transformer_window_size: Some(1), transformer_window_component: None }: 7.009 + 0.883 = 7.892 GiB (EstimateFloor)
  BoundedTransformerResidency MemoryStrategyParameters { stage_residency: Some(true), decode_tile_edge: Some(256), decode_overlap: Some(64), attention_chunk_size: Some(67108864), transformer_window_size: Some(1), transformer_window_component: None }: 4.520 + 0.570 = 5.090 GiB (EstimateFloor)
sdxl: production shape=DeferredMaterialization, declaration=Applied, offload=Sequential
sdxl: prompt demand 1 windows
sdxl: facts=MemoryAssetFacts { base_bytes: 2866706852, conditioning_bytes: 606595072, transformer_bytes: 1925496328, decoder_bytes: 334615452, overlay_bytes: 0 }, architecture=MemoryArchitectureFacts { attention_heads: None, head_dim: Some(64), transformer_blocks: None, patch_size: None, latent_channels: Some(4), vae_spatial_scale: Some(8), vae_temporal_scale: None, activation_dtype_width: Some(2) }, resident=18.565 GiB
  StagedResidency MemoryStrategyParameters { stage_residency: None, decode_tile_edge: None, decode_overlap: None, attention_chunk_size: None, transformer_window_size: None, transformer_window_component: None }: 16.155 + 2.036 = 18.191 GiB (EstimateFloor)
  BoundedDecode MemoryStrategyParameters { stage_residency: None, decode_tile_edge: Some(256), decode_overlap: Some(64), attention_chunk_size: None, transformer_window_size: None, transformer_window_component: None }: 7.036 + 0.887 = 7.923 GiB (EstimateFloor)
  BoundedDecode MemoryStrategyParameters { stage_residency: None, decode_tile_edge: Some(896), decode_overlap: Some(192), attention_chunk_size: None, transformer_window_size: None, transformer_window_component: None }: 16.720 + 2.107 = 18.827 GiB (EstimateFloor)
  BoundedDecode MemoryStrategyParameters { stage_residency: Some(true), decode_tile_edge: Some(256), decode_overlap: Some(64), attention_chunk_size: None, transformer_window_size: None, transformer_window_component: None }: 6.472 + 0.816 = 7.287 GiB (EstimateFloor)
  BoundedDecode MemoryStrategyParameters { stage_residency: Some(true), decode_tile_edge: Some(896), decode_overlap: Some(192), attention_chunk_size: None, transformer_window_size: None, transformer_window_component: None }: 16.155 + 2.036 = 18.191 GiB (EstimateFloor)
  BoundedTransformerResidency MemoryStrategyParameters { stage_residency: None, decode_tile_edge: Some(256), decode_overlap: Some(64), attention_chunk_size: None, transformer_window_size: Some(1), transformer_window_component: None }: 5.325 + 0.671 = 5.996 GiB (EstimateFloor)
  BoundedTransformerResidency MemoryStrategyParameters { stage_residency: None, decode_tile_edge: Some(896), decode_overlap: Some(192), attention_chunk_size: None, transformer_window_size: Some(1), transformer_window_component: None }: 15.008 + 1.891 = 16.899 GiB (EstimateFloor)
SC23584 sdxl sequential item 0: cold-inclusive active peak 4954305800 bytes
sana_sprint_1600m: production shape=EagerMaterialization, declaration=NotEvaluated, offload=Sequential
sana_sprint_1600m: prompt demand 2 windows
sana_sprint_1600m: facts=MemoryAssetFacts { base_bytes: 5560297402, conditioning_bytes: 2318861357, transformer_bytes: 1992434945, decoder_bytes: 1249001100, overlay_bytes: 0 }, architecture=MemoryArchitectureFacts { attention_heads: Some(70), head_dim: Some(32), transformer_blocks: Some(20), patch_size: Some(1), latent_channels: Some(32), vae_spatial_scale: Some(32), vae_temporal_scale: None, activation_dtype_width: Some(4) }, resident=20.218 GiB
  StagedResidency MemoryStrategyParameters { stage_residency: None, decode_tile_edge: None, decode_overlap: None, attention_chunk_size: None, transformer_window_size: None, transformer_window_component: None }: 15.200 + 1.915 = 17.115 GiB (EstimateFloor)
  BoundedDecode MemoryStrategyParameters { stage_residency: None, decode_tile_edge: Some(192), decode_overlap: Some(48), attention_chunk_size: None, transformer_window_size: None, transformer_window_component: None }: 8.103 + 1.021 = 9.124 GiB (EstimateFloor)
  BoundedDecode MemoryStrategyParameters { stage_residency: Some(true), decode_tile_edge: Some(192), decode_overlap: Some(48), attention_chunk_size: None, transformer_window_size: None, transformer_window_component: None }: 4.999 + 0.630 = 5.629 GiB (EstimateFloor)
  BoundedAttention MemoryStrategyParameters { stage_residency: None, decode_tile_edge: Some(192), decode_overlap: Some(48), attention_chunk_size: Some(1048576), transformer_window_size: None, transformer_window_component: None }: 8.103 + 1.021 = 9.124 GiB (EstimateFloor)
  BoundedAttention MemoryStrategyParameters { stage_residency: Some(true), decode_tile_edge: Some(192), decode_overlap: Some(48), attention_chunk_size: Some(1048576), transformer_window_size: None, transformer_window_component: None }: 4.999 + 0.630 = 5.629 GiB (EstimateFloor)
test mlx_fit_gate::tests::reported_q4_requests_credit_the_implemented_memory_ladder ... ok

test result: ok. 1 passed; 0 failed; 0 ignored; 0 measured; 2332 filtered out; finished in 52.01s
