BEGIN mlx-ltx-2-3-q8-768x512-f121-fps30 tier=q8 free=95GiB 10:32:40
OK mlx-ltx-2-3-q8-768x512-f121-fps30 97s
BEGIN mlx-ltx-2-3-q8-640x640-f177-fps30 tier=q8 free=94GiB 10:34:17
OK mlx-ltx-2-3-q8-640x640-f177-fps30 188s
BEGIN mlx-ltx-2-3-q8-768x512-f241-fps30 tier=q8 free=94GiB 10:37:25
OK mlx-ltx-2-3-q8-768x512-f241-fps30 274s
BEGIN mlx-ltx-2-3-q8-768x512-f241-fps24 tier=q8 free=93GiB 10:41:59
OK mlx-ltx-2-3-q8-768x512-f241-fps24 236s
BEGIN mlx-ltx-2-3-q8-1280x704-f121-fps30 tier=q8 free=93GiB 10:45:55
OK mlx-ltx-2-3-q8-1280x704-f121-fps30 302s
BEGIN mlx-ltx-2-3-q8-512x768-f361-fps30 tier=q8 free=90GiB 10:50:57
OK mlx-ltx-2-3-q8-512x768-f361-fps30 434s
BEGIN mlx-ltx-2-3-q8-704x1280-f177-fps30 tier=q8 free=89GiB 10:58:11
FAIL mlx-ltx-2-3-q8-704x1280-f177-fps30 252s ::     at ChildProcess._handle.onexit (node:internal/child_process:306:5)  Node.js v24.15.0 
BEGIN mlx-ltx-2-3-q8-768x512-f449-fps30 tier=q8 free=89GiB 11:02:23
BEGIN mlx-ltx-2-3-q8-768x512-f121-fps30 tier=q8 free=83GiB 11:07:32
OK mlx-ltx-2-3-q8-768x512-f121-fps30 121s
BEGIN mlx-ltx-2-3-q8-704x1280-f177-fps30 tier=q8 free=83GiB 11:09:33
OK mlx-ltx-2-3-q8-704x1280-f177-fps30 604s
BEGIN mlx-ltx-2-3-q8-768x512-f449-fps30 tier=q8 free=81GiB 11:19:38
FAIL mlx-ltx-2-3-q8-768x512-f449-fps30 1238s ::     at ChildProcess._handle.onexit (node:internal/child_process:306:5)  Node.js v24.15.0 
BEGIN mlx-ltx-2-3-q8-1280x704-f241-fps30 tier=q8 free=16GiB 11:40:16
BEGIN mlx-ltx-2-3-q8-1280x704-f145-fps30 tier=q8 free=60GiB 11:51:29
OK mlx-ltx-2-3-q8-1280x704-f145-fps30 818s
BEGIN mlx-ltx-2-3-q8-768x512-f361-fps30 tier=q8 free=58GiB 12:05:07
FAIL mlx-ltx-2-3-q8-768x512-f361-fps30 380s ::     at Pipe.<anonymous> (node:net:350:12)  Node.js v24.15.0 
STOP free disk 15GiB below the 25GiB floor before mlx-ltx-2-3-q8-1280x704-f177-fps30
